******************************************************************************
             TMS320C2000 Linker PC v22.6.1                     
******************************************************************************
>> Linked Wed Feb 21 03:35:05 2024

OUTPUT FILE NAME:   <blinky_cpu1.out>
ENTRY POINT SYMBOL: "code_start"  address: 00000000


MEMORY CONFIGURATION

         name            origin    length      used     unused   attr    fill
----------------------  --------  ---------  --------  --------  ----  --------
PAGE 0:
  BEGIN                 00000000   00000002  00000002  00000000  RWIX
  RAMM0                 00000123   000002dd  000002ce  0000000f  RWIX
  RAMLS0                00008000   00000800  000007fa  00000006  RWIX
  RAMLS1                00008800   00000800  000007fe  00000002  RWIX
  RAMLS2                00009000   00000800  00000800  00000000  RWIX
  RAMLS3                00009800   00000800  00000266  0000059a  RWIX
  RAMLS4                0000a000   00000800  00000000  00000800  RWIX
  RAMD0                 0000b000   00000800  000007fc  00000004  RWIX
  FLASHA                00080002   00001ffe  00000000  00001ffe  RWIX
  FLASHB                00082000   00002000  00000000  00002000  RWIX
  FLASHC                00084000   00002000  00000000  00002000  RWIX
  FLASHD                00086000   00002000  00000000  00002000  RWIX
  FLASHE                00088000   00008000  00000000  00008000  RWIX
  FLASHF                00090000   00008000  00000000  00008000  RWIX
  FLASHG                00098000   00008000  00000000  00008000  RWIX
  FLASHH                000a0000   00008000  00000000  00008000  RWIX
  FLASHI                000a8000   00008000  00000000  00008000  RWIX
  FLASHJ                000b0000   00008000  00000000  00008000  RWIX
  FLASHK                000b8000   00002000  00000000  00002000  RWIX
  FLASHL                000ba000   00002000  00000000  00002000  RWIX
  FLASHM                000bc000   00002000  00000000  00002000  RWIX
  FLASHN                000be000   00001ff0  00000000  00001ff0  RWIX
  RESET                 003fffc0   00000002  00000000  00000002  RWIX

PAGE 1:
  BOOT_RSVD             00000002   00000121  00000000  00000121  RWIX
  RAMM1                 00000400   000003f8  00000100  000002f8  RWIX
  ADCARESULT            00000b00   00000018  00000018  00000000  RWIX
  ADCBRESULT            00000b20   00000018  00000018  00000000  RWIX
  ADCCRESULT            00000b40   00000018  00000018  00000000  RWIX
  ADCDRESULT            00000b60   00000018  00000018  00000000  RWIX
  CPUTIMER0             00000c00   00000008  00000008  00000000  RWIX
  CPUTIMER1             00000c08   00000008  00000008  00000000  RWIX
  CPUTIMER2             00000c10   00000008  00000008  00000000  RWIX
  PIECTRL               00000ce0   0000001a  0000001a  00000000  RWIX
  PIEVECTTABLE          00000d00   00000200  000001c0  00000040  RWIX
  DMA                   00001000   00000200  000000e0  00000120  RWIX
  CLA1                  00001400   00000080  0000003e  00000042  RWIX
  CLB1LOGICCFG          00003000   00000052  0000003e  00000014  RWIX
  CLB1LOGICCTRL         00003100   00000040  00000040  00000000  RWIX
  CLB1DATAEXCH          00003200   00000200  00000108  000000f8  RWIX
  CLB2LOGICCFG          00003400   00000052  0000003e  00000014  RWIX
  CLB2LOGICCTRL         00003500   00000040  00000040  00000000  RWIX
  CLB2DATAEXCH          00003600   00000200  00000108  000000f8  RWIX
  CLB3LOGICCFG          00003800   00000052  0000003e  00000014  RWIX
  CLB3LOGICCTRL         00003900   00000040  00000040  00000000  RWIX
  CLB3DATAEXCH          00003a00   00000200  00000108  000000f8  RWIX
  CLB4LOGICCFG          00003c00   00000052  0000003e  00000014  RWIX
  CLB4LOGICCTRL         00003d00   00000040  00000040  00000000  RWIX
  CLB4DATAEXCH          00003e00   00000200  00000108  000000f8  RWIX
  EPWM1                 00004000   00000100  00000100  00000000  RWIX
  EPWM2                 00004100   00000100  00000100  00000000  RWIX
  EPWM3                 00004200   00000100  00000100  00000000  RWIX
  EPWM4                 00004300   00000100  00000100  00000000  RWIX
  EPWM5                 00004400   00000100  00000100  00000000  RWIX
  EPWM6                 00004500   00000100  00000100  00000000  RWIX
  EPWM7                 00004600   00000100  00000100  00000000  RWIX
  EPWM8                 00004700   00000100  00000100  00000000  RWIX
  EPWM9                 00004800   00000100  00000100  00000000  RWIX
  EPWM10                00004900   00000100  00000100  00000000  RWIX
  EPWM11                00004a00   00000100  00000100  00000000  RWIX
  EPWM12                00004b00   00000100  00000100  00000000  RWIX
  ECAP1                 00005000   00000020  0000001a  00000006  RWIX
  ECAP2                 00005020   00000020  0000001a  00000006  RWIX
  ECAP3                 00005040   00000020  0000001a  00000006  RWIX
  ECAP4                 00005060   00000020  0000001a  00000006  RWIX
  ECAP5                 00005080   00000020  0000001a  00000006  RWIX
  ECAP6                 000050a0   00000020  0000001a  00000006  RWIX
  EQEP1                 00005100   00000022  00000022  00000000  RWIX
  EQEP2                 00005140   00000022  00000022  00000000  RWIX
  EQEP3                 00005180   00000022  00000022  00000000  RWIX
  DACA                  00005c00   00000008  00000007  00000001  RWIX
  DACB                  00005c10   00000008  00000007  00000001  RWIX
  DACC                  00005c20   00000008  00000007  00000001  RWIX
  CMPSS1                00005c80   00000020  0000001b  00000005  RWIX
  CMPSS2                00005ca0   00000020  0000001b  00000005  RWIX
  CMPSS3                00005cc0   00000020  0000001b  00000005  RWIX
  CMPSS4                00005ce0   00000020  0000001b  00000005  RWIX
  CMPSS5                00005d00   00000020  0000001b  00000005  RWIX
  CMPSS6                00005d20   00000020  0000001b  00000005  RWIX
  CMPSS7                00005d40   00000020  0000001b  00000005  RWIX
  CMPSS8                00005d60   00000020  0000001b  00000005  RWIX
  SDFM1                 00005e00   00000080  00000048  00000038  RWIX
  SDFM2                 00005e80   00000080  00000048  00000038  RWIX
  MCBSPA                00006000   00000024  00000024  00000000  RWIX
  MCBSPB                00006040   00000024  00000024  00000000  RWIX
  SPIA                  00006100   00000010  00000010  00000000  RWIX
  SPIB                  00006110   00000010  00000010  00000000  RWIX
  SPIC                  00006120   00000010  00000010  00000000  RWIX
  UPP                   00006200   00000048  00000048  00000000  RWIX
  WD                    00007000   0000002b  0000002b  00000000  RWIX
  NMIINTRUPT            00007060   00000007  00000007  00000000  RWIX
  XINT                  00007070   0000000b  0000000b  00000000  RWIX
  SCIA                  00007200   00000010  00000010  00000000  RWIX
  SCIB                  00007210   00000010  00000010  00000000  RWIX
  SCIC                  00007220   00000010  00000010  00000000  RWIX
  SCID                  00007230   00000010  00000010  00000000  RWIX
  I2CA                  00007300   00000022  00000022  00000000  RWIX
  I2CB                  00007340   00000022  00000022  00000000  RWIX
  ADCA                  00007400   00000080  0000007c  00000004  RWIX
  ADCB                  00007480   00000080  0000007c  00000004  RWIX
  ADCC                  00007500   00000080  0000007c  00000004  RWIX
  ADCD                  00007580   00000080  0000007c  00000004  RWIX
  INPUTXBAR             00007900   00000020  00000020  00000000  RWIX
  XBAR                  00007920   00000020  0000000e  00000012  RWIX
  SYNCSOC               00007940   00000006  00000006  00000000  RWIX
  DMACLASRCSEL          00007980   0000001a  0000001a  00000000  RWIX
  EPWMXBAR              00007a00   00000040  00000040  00000000  RWIX
  CLBXBAR               00007a40   00000040  00000040  00000000  RWIX
  OUTPUTXBAR            00007a80   00000040  00000040  00000000  RWIX
  GPIOCTRL              00007c00   00000180  00000180  00000000  RWIX
  GPIODATA              00007f00   00000030  00000030  00000000  RWIX
  RAMLS5                0000a800   00000800  00000400  00000400  RWIX
  RAMD1                 0000b800   00000800  00000000  00000800  RWIX
  RAMGS0                0000c000   00001000  00000000  00001000  RWIX
  RAMGS1                0000d000   00001000  00000000  00001000  RWIX
  RAMGS2                0000e000   00001000  00000000  00001000  RWIX
  RAMGS3                0000f000   00001000  00000000  00001000  RWIX
  RAMGS4                00010000   00001000  00000000  00001000  RWIX
  RAMGS5                00011000   00001000  00000000  00001000  RWIX
  RAMGS6                00012000   00001000  00000000  00001000  RWIX
  RAMGS7                00013000   00001000  00000000  00001000  RWIX
  RAMGS8                00014000   00001000  00000000  00001000  RWIX
  RAMGS9                00015000   00001000  00000000  00001000  RWIX
  RAMGS10               00016000   00001000  00000000  00001000  RWIX
  RAMGS11               00017000   00001000  00000000  00001000  RWIX
  RAMGS12               00018000   00001000  00000000  00001000  RWIX
  RAMGS13               00019000   00001000  00000000  00001000  RWIX
  RAMGS14               0001a000   00001000  00000000  00001000  RWIX
  RAMGS15               0001b000   00000ff8  00000000  00000ff8  RWIX
  CPU2TOCPU1RAM         0003f800   00000400  00000000  00000400  RWIX
  CPU1TOCPU2RAM         0003fc00   00000400  00000000  00000400  RWIX
  EMIF1                 00047000   00000070  00000028  00000048  RWIX
  EMIF2                 00047800   00000070  00000028  00000048  RWIX
  CANA                  00048000   00000200  00000164  0000009c  RWIX
  CANA_MSG_RAM          00049000   00000800  00000000  00000800  RWIX
  CANB                  0004a000   00000200  00000164  0000009c  RWIX
  CANB_MSG_RAM          0004b000   00000800  00000000  00000800  RWIX
  IPC                   00050000   00000024  00000024  00000000  RWIX
  FLASHPUMPSEMAPHORE    00050024   00000002  00000002  00000000  RWIX
  DEVCFG                0005d000   0000012e  0000012e  00000000  RWIX
  ANALOGSUBSYS          0005d180   00000048  0000003e  0000000a  RWIX
  CLKCFG                0005d200   00000032  00000032  00000000  RWIX
  CPUSYS                0005d300   00000082  00000082  00000000  RWIX
  ROMPREFETCH           0005e608   00000002  00000002  00000000  RWIX
  DCSMZ1                0005f000   00000024  00000022  00000002  RWIX
  DCSMZ2                0005f040   00000024  00000022  00000002  RWIX
  DCSMCOMMON            0005f070   00000008  00000006  00000002  RWIX
  MEMCFG                0005f400   00000080  00000076  0000000a  RWIX
  EMIF1CONFIG           0005f480   00000020  0000000a  00000016  RWIX
  EMIF2CONFIG           0005f4a0   00000020  0000000a  00000016  RWIX
  ACCESSPROTECTION      0005f4c0   00000040  0000002e  00000012  RWIX
  MEMORYERROR           0005f500   00000040  0000003a  00000006  RWIX
  ROMWAITSTATE          0005f540   00000002  00000002  00000000  RWIX
  FLASH0CTRL            0005f800   00000182  00000182  00000000  RWIX
  FLASH0ECC             0005fb00   00000028  00000028  00000000  RWIX


SECTION ALLOCATION MAP

 output                                  attributes/
section   page    origin      length       input sections
--------  ----  ----------  ----------   ----------------
codestart 
*          0    00000000    00000002     
                  00000000    00000002     F2837xD_CodeStartBranch.obj (codestart)

.cinit     0    00000123    000002ae     
                  00000123    00000145     control.obj (.cinit)
                  00000268    000000ba     muestreo.obj (.cinit)
                  00000322    00000043     main.obj (.cinit)
                  00000365    00000024     Homming.obj (.cinit)
                  00000389    0000001c     Comunicaciones.obj (.cinit)
                  000003a5    00000012     protecciones.obj (.cinit)
                  000003b7    0000000e     rts2800_fpu32.lib : exit.c.obj (.cinit)
                  000003c5    00000005                       : _lock.c.obj (.cinit:__lock)
                  000003ca    00000005                       : _lock.c.obj (.cinit:__unlock)
                  000003cf    00000002     --HOLE-- [fill = 0]

.switch    0    000003d2    0000001c     
                  000003d2    0000001c     Comunicaciones.obj (.switch:_MEF_Recepcion)

.reset     0    003fffc0    00000002     DSECT
                  003fffc0    00000002     rts2800_fpu32.lib : boot28.asm.obj (.reset)

.stack     1    00000400    00000100     UNINITIALIZED
                  00000400    00000100     --HOLE--

.pinit     0    00000123    00000000     UNINITIALIZED

AdcaResultRegsFile 
*          1    00000b00    00000018     UNINITIALIZED
                  00000b00    00000018     F2837xD_GlobalVariableDefs.obj (AdcaResultRegsFile)

AdcbResultRegsFile 
*          1    00000b20    00000018     UNINITIALIZED
                  00000b20    00000018     F2837xD_GlobalVariableDefs.obj (AdcbResultRegsFile)

AdccResultRegsFile 
*          1    00000b40    00000018     UNINITIALIZED
                  00000b40    00000018     F2837xD_GlobalVariableDefs.obj (AdccResultRegsFile)

AdcdResultRegsFile 
*          1    00000b60    00000018     UNINITIALIZED
                  00000b60    00000018     F2837xD_GlobalVariableDefs.obj (AdcdResultRegsFile)

CpuTimer0RegsFile 
*          1    00000c00    00000008     UNINITIALIZED
                  00000c00    00000008     F2837xD_GlobalVariableDefs.obj (CpuTimer0RegsFile)

CpuTimer1RegsFile 
*          1    00000c08    00000008     UNINITIALIZED
                  00000c08    00000008     F2837xD_GlobalVariableDefs.obj (CpuTimer1RegsFile)

CpuTimer2RegsFile 
*          1    00000c10    00000008     UNINITIALIZED
                  00000c10    00000008     F2837xD_GlobalVariableDefs.obj (CpuTimer2RegsFile)

PieCtrlRegsFile 
*          1    00000ce0    0000001a     UNINITIALIZED
                  00000ce0    0000001a     F2837xD_GlobalVariableDefs.obj (PieCtrlRegsFile)

DmaRegsFile 
*          1    00001000    000000e0     UNINITIALIZED
                  00001000    000000e0     F2837xD_GlobalVariableDefs.obj (DmaRegsFile)

Cla1RegsFile 
*          1    00001400    0000003e     UNINITIALIZED
                  00001400    0000003e     F2837xD_GlobalVariableDefs.obj (Cla1RegsFile)

Clb1LogicCfgRegsFile 
*          1    00003000    0000003e     UNINITIALIZED
                  00003000    0000003e     F2837xD_GlobalVariableDefs.obj (Clb1LogicCfgRegsFile)

Clb1LogicCtrlRegsFile 
*          1    00003100    00000040     UNINITIALIZED
                  00003100    00000040     F2837xD_GlobalVariableDefs.obj (Clb1LogicCtrlRegsFile)

Clb1DataExchRegsFile 
*          1    00003200    00000108     UNINITIALIZED
                  00003200    00000108     F2837xD_GlobalVariableDefs.obj (Clb1DataExchRegsFile)

Clb2LogicCfgRegsFile 
*          1    00003400    0000003e     UNINITIALIZED
                  00003400    0000003e     F2837xD_GlobalVariableDefs.obj (Clb2LogicCfgRegsFile)

Clb2LogicCtrlRegsFile 
*          1    00003500    00000040     UNINITIALIZED
                  00003500    00000040     F2837xD_GlobalVariableDefs.obj (Clb2LogicCtrlRegsFile)

Clb2DataExchRegsFile 
*          1    00003600    00000108     UNINITIALIZED
                  00003600    00000108     F2837xD_GlobalVariableDefs.obj (Clb2DataExchRegsFile)

Clb3LogicCfgRegsFile 
*          1    00003800    0000003e     UNINITIALIZED
                  00003800    0000003e     F2837xD_GlobalVariableDefs.obj (Clb3LogicCfgRegsFile)

Clb3LogicCtrlRegsFile 
*          1    00003900    00000040     UNINITIALIZED
                  00003900    00000040     F2837xD_GlobalVariableDefs.obj (Clb3LogicCtrlRegsFile)

Clb3DataExchRegsFile 
*          1    00003a00    00000108     UNINITIALIZED
                  00003a00    00000108     F2837xD_GlobalVariableDefs.obj (Clb3DataExchRegsFile)

Clb4LogicCfgRegsFile 
*          1    00003c00    0000003e     UNINITIALIZED
                  00003c00    0000003e     F2837xD_GlobalVariableDefs.obj (Clb4LogicCfgRegsFile)

Clb4LogicCtrlRegsFile 
*          1    00003d00    00000040     UNINITIALIZED
                  00003d00    00000040     F2837xD_GlobalVariableDefs.obj (Clb4LogicCtrlRegsFile)

Clb4DataExchRegsFile 
*          1    00003e00    00000108     UNINITIALIZED
                  00003e00    00000108     F2837xD_GlobalVariableDefs.obj (Clb4DataExchRegsFile)

EPwm1RegsFile 
*          1    00004000    00000100     UNINITIALIZED
                  00004000    00000100     F2837xD_GlobalVariableDefs.obj (EPwm1RegsFile)

EPwm2RegsFile 
*          1    00004100    00000100     UNINITIALIZED
                  00004100    00000100     F2837xD_GlobalVariableDefs.obj (EPwm2RegsFile)

EPwm3RegsFile 
*          1    00004200    00000100     UNINITIALIZED
                  00004200    00000100     F2837xD_GlobalVariableDefs.obj (EPwm3RegsFile)

EPwm4RegsFile 
*          1    00004300    00000100     UNINITIALIZED
                  00004300    00000100     F2837xD_GlobalVariableDefs.obj (EPwm4RegsFile)

EPwm5RegsFile 
*          1    00004400    00000100     UNINITIALIZED
                  00004400    00000100     F2837xD_GlobalVariableDefs.obj (EPwm5RegsFile)

EPwm6RegsFile 
*          1    00004500    00000100     UNINITIALIZED
                  00004500    00000100     F2837xD_GlobalVariableDefs.obj (EPwm6RegsFile)

EPwm7RegsFile 
*          1    00004600    00000100     UNINITIALIZED
                  00004600    00000100     F2837xD_GlobalVariableDefs.obj (EPwm7RegsFile)

EPwm8RegsFile 
*          1    00004700    00000100     UNINITIALIZED
                  00004700    00000100     F2837xD_GlobalVariableDefs.obj (EPwm8RegsFile)

EPwm9RegsFile 
*          1    00004800    00000100     UNINITIALIZED
                  00004800    00000100     F2837xD_GlobalVariableDefs.obj (EPwm9RegsFile)

EPwm10RegsFile 
*          1    00004900    00000100     UNINITIALIZED
                  00004900    00000100     F2837xD_GlobalVariableDefs.obj (EPwm10RegsFile)

EPwm11RegsFile 
*          1    00004a00    00000100     UNINITIALIZED
                  00004a00    00000100     F2837xD_GlobalVariableDefs.obj (EPwm11RegsFile)

EPwm12RegsFile 
*          1    00004b00    00000100     UNINITIALIZED
                  00004b00    00000100     F2837xD_GlobalVariableDefs.obj (EPwm12RegsFile)

ECap1RegsFile 
*          1    00005000    0000001a     UNINITIALIZED
                  00005000    0000001a     F2837xD_GlobalVariableDefs.obj (ECap1RegsFile)

ECap2RegsFile 
*          1    00005020    0000001a     UNINITIALIZED
                  00005020    0000001a     F2837xD_GlobalVariableDefs.obj (ECap2RegsFile)

ECap3RegsFile 
*          1    00005040    0000001a     UNINITIALIZED
                  00005040    0000001a     F2837xD_GlobalVariableDefs.obj (ECap3RegsFile)

ECap4RegsFile 
*          1    00005060    0000001a     UNINITIALIZED
                  00005060    0000001a     F2837xD_GlobalVariableDefs.obj (ECap4RegsFile)

ECap5RegsFile 
*          1    00005080    0000001a     UNINITIALIZED
                  00005080    0000001a     F2837xD_GlobalVariableDefs.obj (ECap5RegsFile)

ECap6RegsFile 
*          1    000050a0    0000001a     UNINITIALIZED
                  000050a0    0000001a     F2837xD_GlobalVariableDefs.obj (ECap6RegsFile)

EQep1RegsFile 
*          1    00005100    00000022     UNINITIALIZED
                  00005100    00000022     F2837xD_GlobalVariableDefs.obj (EQep1RegsFile)

EQep2RegsFile 
*          1    00005140    00000022     UNINITIALIZED
                  00005140    00000022     F2837xD_GlobalVariableDefs.obj (EQep2RegsFile)

EQep3RegsFile 
*          1    00005180    00000022     UNINITIALIZED
                  00005180    00000022     F2837xD_GlobalVariableDefs.obj (EQep3RegsFile)

DacaRegsFile 
*          1    00005c00    00000007     UNINITIALIZED
                  00005c00    00000007     F2837xD_GlobalVariableDefs.obj (DacaRegsFile)

DacbRegsFile 
*          1    00005c10    00000007     UNINITIALIZED
                  00005c10    00000007     F2837xD_GlobalVariableDefs.obj (DacbRegsFile)

DaccRegsFile 
*          1    00005c20    00000007     UNINITIALIZED
                  00005c20    00000007     F2837xD_GlobalVariableDefs.obj (DaccRegsFile)

Cmpss1RegsFile 
*          1    00005c80    0000001b     UNINITIALIZED
                  00005c80    0000001b     F2837xD_GlobalVariableDefs.obj (Cmpss1RegsFile)

Cmpss2RegsFile 
*          1    00005ca0    0000001b     UNINITIALIZED
                  00005ca0    0000001b     F2837xD_GlobalVariableDefs.obj (Cmpss2RegsFile)

Cmpss3RegsFile 
*          1    00005cc0    0000001b     UNINITIALIZED
                  00005cc0    0000001b     F2837xD_GlobalVariableDefs.obj (Cmpss3RegsFile)

Cmpss4RegsFile 
*          1    00005ce0    0000001b     UNINITIALIZED
                  00005ce0    0000001b     F2837xD_GlobalVariableDefs.obj (Cmpss4RegsFile)

Cmpss5RegsFile 
*          1    00005d00    0000001b     UNINITIALIZED
                  00005d00    0000001b     F2837xD_GlobalVariableDefs.obj (Cmpss5RegsFile)

Cmpss6RegsFile 
*          1    00005d20    0000001b     UNINITIALIZED
                  00005d20    0000001b     F2837xD_GlobalVariableDefs.obj (Cmpss6RegsFile)

Cmpss7RegsFile 
*          1    00005d40    0000001b     UNINITIALIZED
                  00005d40    0000001b     F2837xD_GlobalVariableDefs.obj (Cmpss7RegsFile)

Cmpss8RegsFile 
*          1    00005d60    0000001b     UNINITIALIZED
                  00005d60    0000001b     F2837xD_GlobalVariableDefs.obj (Cmpss8RegsFile)

Sdfm1RegsFile 
*          1    00005e00    00000048     UNINITIALIZED
                  00005e00    00000048     F2837xD_GlobalVariableDefs.obj (Sdfm1RegsFile)

Sdfm2RegsFile 
*          1    00005e80    00000048     UNINITIALIZED
                  00005e80    00000048     F2837xD_GlobalVariableDefs.obj (Sdfm2RegsFile)

McbspaRegsFile 
*          1    00006000    00000024     UNINITIALIZED
                  00006000    00000024     F2837xD_GlobalVariableDefs.obj (McbspaRegsFile)

McbspbRegsFile 
*          1    00006040    00000024     UNINITIALIZED
                  00006040    00000024     F2837xD_GlobalVariableDefs.obj (McbspbRegsFile)

SpiaRegsFile 
*          1    00006100    00000010     UNINITIALIZED
                  00006100    00000010     F2837xD_GlobalVariableDefs.obj (SpiaRegsFile)

SpibRegsFile 
*          1    00006110    00000010     UNINITIALIZED
                  00006110    00000010     F2837xD_GlobalVariableDefs.obj (SpibRegsFile)

SpicRegsFile 
*          1    00006120    00000010     UNINITIALIZED
                  00006120    00000010     F2837xD_GlobalVariableDefs.obj (SpicRegsFile)

UppRegsFile 
*          1    00006200    00000048     UNINITIALIZED
                  00006200    00000048     F2837xD_GlobalVariableDefs.obj (UppRegsFile)

WdRegsFile 
*          1    00007000    0000002b     UNINITIALIZED
                  00007000    0000002b     F2837xD_GlobalVariableDefs.obj (WdRegsFile)

NmiIntruptRegsFile 
*          1    00007060    00000007     UNINITIALIZED
                  00007060    00000007     F2837xD_GlobalVariableDefs.obj (NmiIntruptRegsFile)

XintRegsFile 
*          1    00007070    0000000b     UNINITIALIZED
                  00007070    0000000b     F2837xD_GlobalVariableDefs.obj (XintRegsFile)

SciaRegsFile 
*          1    00007200    00000010     UNINITIALIZED
                  00007200    00000010     F2837xD_GlobalVariableDefs.obj (SciaRegsFile)

ScibRegsFile 
*          1    00007210    00000010     UNINITIALIZED
                  00007210    00000010     F2837xD_GlobalVariableDefs.obj (ScibRegsFile)

ScicRegsFile 
*          1    00007220    00000010     UNINITIALIZED
                  00007220    00000010     F2837xD_GlobalVariableDefs.obj (ScicRegsFile)

ScidRegsFile 
*          1    00007230    00000010     UNINITIALIZED
                  00007230    00000010     F2837xD_GlobalVariableDefs.obj (ScidRegsFile)

I2caRegsFile 
*          1    00007300    00000022     UNINITIALIZED
                  00007300    00000022     F2837xD_GlobalVariableDefs.obj (I2caRegsFile)

I2cbRegsFile 
*          1    00007340    00000022     UNINITIALIZED
                  00007340    00000022     F2837xD_GlobalVariableDefs.obj (I2cbRegsFile)

AdcaRegsFile 
*          1    00007400    0000007c     UNINITIALIZED
                  00007400    0000007c     F2837xD_GlobalVariableDefs.obj (AdcaRegsFile)

AdcbRegsFile 
*          1    00007480    0000007c     UNINITIALIZED
                  00007480    0000007c     F2837xD_GlobalVariableDefs.obj (AdcbRegsFile)

AdccRegsFile 
*          1    00007500    0000007c     UNINITIALIZED
                  00007500    0000007c     F2837xD_GlobalVariableDefs.obj (AdccRegsFile)

AdcdRegsFile 
*          1    00007580    0000007c     UNINITIALIZED
                  00007580    0000007c     F2837xD_GlobalVariableDefs.obj (AdcdRegsFile)

InputXbarRegsFile 
*          1    00007900    00000020     UNINITIALIZED
                  00007900    00000020     F2837xD_GlobalVariableDefs.obj (InputXbarRegsFile)

XbarRegsFile 
*          1    00007920    0000000e     UNINITIALIZED
                  00007920    0000000e     F2837xD_GlobalVariableDefs.obj (XbarRegsFile)

SyncSocRegsFile 
*          1    00007940    00000006     UNINITIALIZED
                  00007940    00000006     F2837xD_GlobalVariableDefs.obj (SyncSocRegsFile)

DmaClaSrcSelRegsFile 
*          1    00007980    0000001a     UNINITIALIZED
                  00007980    0000001a     F2837xD_GlobalVariableDefs.obj (DmaClaSrcSelRegsFile)

EPwmXbarRegsFile 
*          1    00007a00    00000040     UNINITIALIZED
                  00007a00    00000040     F2837xD_GlobalVariableDefs.obj (EPwmXbarRegsFile)

ClbXbarRegsFile 
*          1    00007a40    00000040     UNINITIALIZED
                  00007a40    00000040     F2837xD_GlobalVariableDefs.obj (ClbXbarRegsFile)

OutputXbarRegsFile 
*          1    00007a80    00000040     UNINITIALIZED
                  00007a80    00000040     F2837xD_GlobalVariableDefs.obj (OutputXbarRegsFile)

GpioCtrlRegsFile 
*          1    00007c00    00000180     UNINITIALIZED
                  00007c00    00000180     F2837xD_GlobalVariableDefs.obj (GpioCtrlRegsFile)

GpioDataRegsFile 
*          1    00007f00    00000030     UNINITIALIZED
                  00007f00    00000030     F2837xD_GlobalVariableDefs.obj (GpioDataRegsFile)

.ebss      1    0000a800    00000240     UNINITIALIZED
                  0000a800    000000f8     control.obj (.ebss)
                  0000a8f8    00000007     Comunicaciones.obj (.ebss:_transmision)
                  0000a8ff    00000001     --HOLE--
                  0000a900    000000e4     muestreo.obj (.ebss)
                  0000a9e4    00000016     Comunicaciones.obj (.ebss)
                  0000a9fa    00000006     rts2800_fpu32.lib : exit.c.obj (.ebss)
                  0000aa00    00000016     main.obj (.ebss)
                  0000aa16    0000000c     protecciones.obj (.ebss)
                  0000aa22    00000009     Homming.obj (.ebss)
                  0000aa2b    00000004     Comunicaciones.obj (.ebss:_bytes_transm$8)
                  0000aa2f    00000004     Comunicaciones.obj (.ebss:_transmision1)
                  0000aa33    00000004     Comunicaciones.obj (.ebss:_transmision2)
                  0000aa37    00000004     Comunicaciones.obj (.ebss:_transmision3)
                  0000aa3b    00000001     --HOLE--
                  0000aa3c    00000002     rts2800_fpu32.lib : _lock.c.obj (.ebss:__lock)
                  0000aa3e    00000002                       : _lock.c.obj (.ebss:__unlock)

.econst    1    0000aa40    000001c0     
                  0000aa40    000001c0     F2837xD_PieVect.obj (.econst:_PieVectTableInit)

.TI.ramfunc 
*          0    000003ee    00000004     
                  000003ee    00000004     F2837xD_usDelay.obj (.TI.ramfunc)

GETBUFFER 
*          0    0003f800    00000000     DSECT

GETWRITEIDX 
*          0    0003f800    00000000     DSECT

PUTREADIDX 
*          0    0003f800    00000000     DSECT

PieVectTableFile 
*          1    00000d00    000001c0     UNINITIALIZED
                  00000d00    000001c0     F2837xD_GlobalVariableDefs.obj (PieVectTableFile)

EmuKeyVar 
*          1    00000d00    00000000     UNINITIALIZED

EmuBModeVar 
*          1    00000d00    00000000     UNINITIALIZED

EmuBootPinsVar 
*          1    00000d00    00000000     UNINITIALIZED

FlashCallbackVar 
*          1    00000d00    00000000     UNINITIALIZED

FlashScalingVar 
*          1    00000d00    00000000     UNINITIALIZED

Emif1RegsFile 
*          1    00047000    00000028     UNINITIALIZED
                  00047000    00000028     F2837xD_GlobalVariableDefs.obj (Emif1RegsFile)

Emif2RegsFile 
*          1    00047800    00000028     UNINITIALIZED
                  00047800    00000028     F2837xD_GlobalVariableDefs.obj (Emif2RegsFile)

CanaRegsFile 
*          1    00048000    00000164     UNINITIALIZED
                  00048000    00000164     F2837xD_GlobalVariableDefs.obj (CanaRegsFile)

CanbRegsFile 
*          1    0004a000    00000164     UNINITIALIZED
                  0004a000    00000164     F2837xD_GlobalVariableDefs.obj (CanbRegsFile)

IpcRegsFile 
*          1    00050000    00000024     UNINITIALIZED
                  00050000    00000024     F2837xD_GlobalVariableDefs.obj (IpcRegsFile)

FlashPumpSemaphoreRegsFile 
*          1    00050024    00000002     UNINITIALIZED
                  00050024    00000002     F2837xD_GlobalVariableDefs.obj (FlashPumpSemaphoreRegsFile)

DevCfgRegsFile 
*          1    0005d000    0000012e     UNINITIALIZED
                  0005d000    0000012e     F2837xD_GlobalVariableDefs.obj (DevCfgRegsFile)

AnalogSubsysRegsFile 
*          1    0005d180    0000003e     UNINITIALIZED
                  0005d180    0000003e     F2837xD_GlobalVariableDefs.obj (AnalogSubsysRegsFile)

ClkCfgRegsFile 
*          1    0005d200    00000032     UNINITIALIZED
                  0005d200    00000032     F2837xD_GlobalVariableDefs.obj (ClkCfgRegsFile)

CpuSysRegsFile 
*          1    0005d300    00000082     UNINITIALIZED
                  0005d300    00000082     F2837xD_GlobalVariableDefs.obj (CpuSysRegsFile)

DcsmZ1RegsFile 
*          1    0005f000    00000022     UNINITIALIZED
                  0005f000    00000022     F2837xD_GlobalVariableDefs.obj (DcsmZ1RegsFile)

DcsmZ2RegsFile 
*          1    0005f040    00000022     UNINITIALIZED
                  0005f040    00000022     F2837xD_GlobalVariableDefs.obj (DcsmZ2RegsFile)

DcsmCommonRegsFile 
*          1    0005f070    00000006     UNINITIALIZED
                  0005f070    00000006     F2837xD_GlobalVariableDefs.obj (DcsmCommonRegsFile)

MemCfgRegsFile 
*          1    0005f400    00000076     UNINITIALIZED
                  0005f400    00000076     F2837xD_GlobalVariableDefs.obj (MemCfgRegsFile)

Emif1ConfigRegsFile 
*          1    0005f480    0000000a     UNINITIALIZED
                  0005f480    0000000a     F2837xD_GlobalVariableDefs.obj (Emif1ConfigRegsFile)

Emif2ConfigRegsFile 
*          1    0005f4a0    0000000a     UNINITIALIZED
                  0005f4a0    0000000a     F2837xD_GlobalVariableDefs.obj (Emif2ConfigRegsFile)

AccessProtectionRegsFile 
*          1    0005f4c0    0000002e     UNINITIALIZED
                  0005f4c0    0000002e     F2837xD_GlobalVariableDefs.obj (AccessProtectionRegsFile)

MemoryErrorRegsFile 
*          1    0005f500    0000003a     UNINITIALIZED
                  0005f500    0000003a     F2837xD_GlobalVariableDefs.obj (MemoryErrorRegsFile)

Flash0CtrlRegsFile 
*          1    0005f800    00000182     UNINITIALIZED
                  0005f800    00000182     F2837xD_GlobalVariableDefs.obj (Flash0CtrlRegsFile)

Flash0EccRegsFile 
*          1    0005fb00    00000028     UNINITIALIZED
                  0005fb00    00000028     F2837xD_GlobalVariableDefs.obj (Flash0EccRegsFile)

RomPrefetchRegsFile 
*          1    0005e608    00000002     UNINITIALIZED
                  0005e608    00000002     F2837xD_GlobalVariableDefs.obj (RomPrefetchRegsFile)

RomWaitStateRegsFile 
*          1    0005f540    00000002     UNINITIALIZED
                  0005f540    00000002     F2837xD_GlobalVariableDefs.obj (RomWaitStateRegsFile)

.text.1    0    00008000    000007fa     
                  00008000    000004ae     eQEP_motor_1_2_3.obj (.text)
                  000084ae    000001f9     Homming.obj (.text)
                  000086a7    000000fd     F2837xD_EPwm.obj (.text)
                  000087a4    00000056     rts2800_fpu32.lib : boot28.asm.obj (.text)

.text.2    0    00008800    000007fe     
                  00008800    000004ab     F2837xD_SysCtrl.obj (.text)
                  00008cab    000001a2     control.obj (.text)
                  00008e4d    00000169     main.obj (.text)
                  00008fb6    00000029     rts2800_fpu32.lib : exit.c.obj (.text)
                  00008fdf    0000001f     seteo_salidas.obj (.text)

.text.3    0    00009000    00000800     
                  00009000    000003d8     Comunicaciones.obj (.text)
                  000093d8    000000ee     muestreo.obj (.text)
                  000094c6    000000e1     main.obj (.text:retain)
                  000095a7    000000b6     init_PWM_motor_1_2_3.obj (.text)
                  0000965d    000000b1     adc_motor_1_2_3.obj (.text)
                  0000970e    000000ac     Entradas_Salidas.obj (.text)
                  000097ba    00000028     F2837xD_PieCtrl.obj (.text)
                  000097e2    0000001e     rts2800_fpu32.lib : ll_cmp28.asm.obj (.text)

.text.4    0    00009800    00000266     
                  00009800    00000088     rts2800_fpu32.lib : fs_div28.asm.obj (.text)
                  00009888    0000007e     protecciones.obj (.text)
                  00009906    00000060     F2837xD_EQep.obj (.text)
                  00009966    0000005e     SetParametrosPID.obj (.text)
                  000099c4    00000026     F2837xD_PieVect.obj (.text)
                  000099ea    00000024     rts2800_fpu32.lib : cpy_tbl.c.obj (.text)
                  00009a0e    0000001d                       : memcpy.c.obj (.text)
                  00009a2b    00000018                       : ll_aox28.asm.obj (.text)
                  00009a43    00000012                       : args_main.c.obj (.text)
                  00009a55    00000009                       : _lock.c.obj (.text)
                  00009a5e    00000008     F2837xD_CodeStartBranch.obj (.text)

.text.5    0    0000b000    000007fc     
                  0000b000    00000585     F2837xD_DefaultISR.obj (.text:retain)
                  0000b585    00000244     F2837xD_Gpio.obj (.text)
                  0000b7c9    00000030     Example_EPwmSetup.obj (.text)
                  0000b7f9    00000002     rts2800_fpu32.lib : pre_init.c.obj (.text)
                  0000b7fb    00000001                       : startup.c.obj (.text)

MODULE SUMMARY

       Module                           code   initialized data   uninitialized data
       ------                           ----   ----------------   ------------------
    .\
       eQEP_motor_1_2_3.obj             1198   0                  0                 
       Comunicaciones.obj               984    56                 45                
       control.obj                      418    325                248               
       main.obj                         586    67                 22                
       muestreo.obj                     238    186                228               
       Homming.obj                      505    36                 9                 
       init_PWM_motor_1_2_3.obj         182    0                  0                 
       adc_motor_1_2_3.obj              177    0                  0                 
       Entradas_Salidas.obj             172    0                  0                 
       protecciones.obj                 126    18                 12                
       SetParametrosPID.obj             94     0                  0                 
       Example_EPwmSetup.obj            48     0                  0                 
       seteo_salidas.obj                31     0                  0                 
    +--+--------------------------------+------+------------------+--------------------+
       Total:                           4759   688                564               
                                                                                    
    .\device\
       F2837xD_GlobalVariableDefs.obj   0      0                  9854              
       F2837xD_DefaultISR.obj           1413   0                  0                 
       F2837xD_SysCtrl.obj              1195   0                  0                 
       F2837xD_Gpio.obj                 580    0                  0                 
       F2837xD_PieVect.obj              38     448                0                 
       F2837xD_EPwm.obj                 253    0                  0                 
       F2837xD_EQep.obj                 96     0                  0                 
       F2837xD_PieCtrl.obj              40     0                  0                 
       F2837xD_CodeStartBranch.obj      10     0                  0                 
       F2837xD_usDelay.obj              4      0                  0                 
    +--+--------------------------------+------+------------------+--------------------+
       Total:                           3629   448                9854              
                                                                                    
    C:/ti/ccs1250/ccs/tools/compiler/ti-cgt-c2000_22.6.1.LTS/lib/rts2800_fpu32.lib
       fs_div28.asm.obj                 136    0                  0                 
       boot28.asm.obj                   86     0                  0                 
       exit.c.obj                       41     14                 6                 
       cpy_tbl.c.obj                    36     0                  0                 
       ll_cmp28.asm.obj                 30     0                  0                 
       memcpy.c.obj                     29     0                  0                 
       ll_aox28.asm.obj                 24     0                  0                 
       _lock.c.obj                      9      10                 4                 
       args_main.c.obj                  18     0                  0                 
       pre_init.c.obj                   2      0                  0                 
       startup.c.obj                    1      0                  0                 
    +--+--------------------------------+------+------------------+--------------------+
       Total:                           412    24                 10                
                                                                                    
       Stack:                           0      0                  256               
    +--+--------------------------------+------+------------------+--------------------+
       Grand Total:                     8800   1160               10684             


GLOBAL DATA SYMBOLS: SORTED BY DATA PAGE

address     data page           name
--------    ----------------    ----
00000400      10 (00000400)     __stack

00000b00      2c (00000b00)     _AdcaResultRegs
00000b20      2c (00000b00)     _AdcbResultRegs

00000b40      2d (00000b40)     _AdccResultRegs
00000b60      2d (00000b40)     _AdcdResultRegs

00000c00      30 (00000c00)     _CpuTimer0Regs
00000c08      30 (00000c00)     _CpuTimer1Regs
00000c10      30 (00000c00)     _CpuTimer2Regs

00000ce0      33 (00000cc0)     _PieCtrlRegs

00000d00      34 (00000d00)     _PieVectTable

00001000      40 (00001000)     _DmaRegs

00001400      50 (00001400)     _Cla1Regs

00003000      c0 (00003000)     _Clb1LogicCfgRegs

00003100      c4 (00003100)     _Clb1LogicCtrlRegs

00003200      c8 (00003200)     _Clb1DataExchRegs

00003400      d0 (00003400)     _Clb2LogicCfgRegs

00003500      d4 (00003500)     _Clb2LogicCtrlRegs

00003600      d8 (00003600)     _Clb2DataExchRegs

00003800      e0 (00003800)     _Clb3LogicCfgRegs

00003900      e4 (00003900)     _Clb3LogicCtrlRegs

00003a00      e8 (00003a00)     _Clb3DataExchRegs

00003c00      f0 (00003c00)     _Clb4LogicCfgRegs

00003d00      f4 (00003d00)     _Clb4LogicCtrlRegs

00003e00      f8 (00003e00)     _Clb4DataExchRegs

00004000     100 (00004000)     _EPwm1Regs

00004100     104 (00004100)     _EPwm2Regs

00004200     108 (00004200)     _EPwm3Regs

00004300     10c (00004300)     _EPwm4Regs

00004400     110 (00004400)     _EPwm5Regs

00004500     114 (00004500)     _EPwm6Regs

00004600     118 (00004600)     _EPwm7Regs

00004700     11c (00004700)     _EPwm8Regs

00004800     120 (00004800)     _EPwm9Regs

00004900     124 (00004900)     _EPwm10Regs

00004a00     128 (00004a00)     _EPwm11Regs

00004b00     12c (00004b00)     _EPwm12Regs

00005000     140 (00005000)     _ECap1Regs
00005020     140 (00005000)     _ECap2Regs

00005040     141 (00005040)     _ECap3Regs
00005060     141 (00005040)     _ECap4Regs

00005080     142 (00005080)     _ECap5Regs
000050a0     142 (00005080)     _ECap6Regs

00005100     144 (00005100)     _EQep1Regs

00005140     145 (00005140)     _EQep2Regs

00005180     146 (00005180)     _EQep3Regs

00005c00     170 (00005c00)     _DacaRegs
00005c10     170 (00005c00)     _DacbRegs
00005c20     170 (00005c00)     _DaccRegs

00005c80     172 (00005c80)     _Cmpss1Regs
00005ca0     172 (00005c80)     _Cmpss2Regs

00005cc0     173 (00005cc0)     _Cmpss3Regs
00005ce0     173 (00005cc0)     _Cmpss4Regs

00005d00     174 (00005d00)     _Cmpss5Regs
00005d20     174 (00005d00)     _Cmpss6Regs

00005d40     175 (00005d40)     _Cmpss7Regs
00005d60     175 (00005d40)     _Cmpss8Regs

00005e00     178 (00005e00)     _Sdfm1Regs

00005e80     17a (00005e80)     _Sdfm2Regs

00006000     180 (00006000)     _McbspaRegs

00006040     181 (00006040)     _McbspbRegs

00006100     184 (00006100)     _SpiaRegs
00006110     184 (00006100)     _SpibRegs
00006120     184 (00006100)     _SpicRegs

00006200     188 (00006200)     _UppRegs

00007000     1c0 (00007000)     _WdRegs

00007060     1c1 (00007040)     _NmiIntruptRegs
00007070     1c1 (00007040)     _XintRegs

00007200     1c8 (00007200)     _SciaRegs
00007210     1c8 (00007200)     _ScibRegs
00007220     1c8 (00007200)     _ScicRegs
00007230     1c8 (00007200)     _ScidRegs

00007300     1cc (00007300)     _I2caRegs

00007340     1cd (00007340)     _I2cbRegs

00007400     1d0 (00007400)     _AdcaRegs

00007480     1d2 (00007480)     _AdcbRegs

00007500     1d4 (00007500)     _AdccRegs

00007580     1d6 (00007580)     _AdcdRegs

00007900     1e4 (00007900)     _InputXbarRegs
00007920     1e4 (00007900)     _XbarRegs

00007940     1e5 (00007940)     _SyncSocRegs

00007980     1e6 (00007980)     _DmaClaSrcSelRegs

00007a00     1e8 (00007a00)     _EPwmXbarRegs

00007a40     1e9 (00007a40)     _ClbXbarRegs

00007a80     1ea (00007a80)     _OutputXbarRegs

00007c00     1f0 (00007c00)     _GpioCtrlRegs

00007f00     1fc (00007f00)     _GpioDataRegs

0000a800     2a0 (0000a800)     _phaseOffset1
0000a801     2a0 (0000a800)     _phaseOffset2
0000a802     2a0 (0000a800)     _phaseOffset3
0000a803     2a0 (0000a800)     _Abrir
0000a804     2a0 (0000a800)     _Cerrar
0000a805     2a0 (0000a800)     _rutina
0000a806     2a0 (0000a800)     _rk1
0000a808     2a0 (0000a800)     _rk2
0000a80a     2a0 (0000a800)     _rk3
0000a80c     2a0 (0000a800)     _yk1
0000a80e     2a0 (0000a800)     _yk2
0000a810     2a0 (0000a800)     _yk3
0000a812     2a0 (0000a800)     _e1
0000a814     2a0 (0000a800)     _e2
0000a816     2a0 (0000a800)     _e3
0000a818     2a0 (0000a800)     _uk1
0000a81a     2a0 (0000a800)     _uk2
0000a81c     2a0 (0000a800)     _uk3
0000a81e     2a0 (0000a800)     _uz1
0000a820     2a0 (0000a800)     _uz2
0000a822     2a0 (0000a800)     _uz3
0000a824     2a0 (0000a800)     _Period
0000a826     2a0 (0000a800)     _Duty1
0000a828     2a0 (0000a800)     _Duty2
0000a82a     2a0 (0000a800)     _Duty3
0000a82c     2a0 (0000a800)     _angulo_1
0000a82e     2a0 (0000a800)     _angulo_2
0000a830     2a0 (0000a800)     _angulo_3
0000a832     2a0 (0000a800)     _aux_yk1
0000a834     2a0 (0000a800)     _aux_yk2
0000a836     2a0 (0000a800)     _aux_yk3
0000a838     2a0 (0000a800)     _aux_rk1
0000a83a     2a0 (0000a800)     _aux_rk2
0000a83c     2a0 (0000a800)     _aux_rk3
0000a83e     2a0 (0000a800)     _corriente_real_con_signo_1

0000a840     2a1 (0000a840)     _corriente_real_con_signo_2
0000a842     2a1 (0000a840)     _corriente_real_con_signo_3
0000a844     2a1 (0000a840)     _pid1
0000a860     2a1 (0000a840)     _pid2

0000a880     2a2 (0000a880)     _pid3
0000a89c     2a2 (0000a880)     _pid4

0000a8c0     2a3 (0000a8c0)     _pid5
0000a8dc     2a3 (0000a8c0)     _pid6

0000a900     2a4 (0000a900)     _corriente_medida_1
0000a901     2a4 (0000a900)     _corriente_medida_2
0000a902     2a4 (0000a900)     _corriente_medida_3
0000a903     2a4 (0000a900)     _limite_temperatura_1
0000a904     2a4 (0000a900)     _limite_temperatura_2
0000a905     2a4 (0000a900)     _limite_temperatura_3
0000a906     2a4 (0000a900)     _ref_entrada_1
0000a907     2a4 (0000a900)     _ref_entrada_2
0000a908     2a4 (0000a900)     _ref_entrada_3
0000a909     2a4 (0000a900)     _SP_REF_1
0000a90a     2a4 (0000a900)     _SP_REF_2
0000a90b     2a4 (0000a900)     _SP_REF_3
0000a90c     2a4 (0000a900)     _corriente_real_1
0000a90e     2a4 (0000a900)     _corriente_real_2
0000a910     2a4 (0000a900)     _corriente_real_3
0000a912     2a4 (0000a900)     _Angulo_grados_eje_1
0000a914     2a4 (0000a900)     _Angulo_grados_eje_2
0000a916     2a4 (0000a900)     _Angulo_grados_eje_3
0000a918     2a4 (0000a900)     _aux_POS_1
0000a91a     2a4 (0000a900)     _aux_POS_2
0000a91c     2a4 (0000a900)     _aux_POS_3
0000a91e     2a4 (0000a900)     _Offset_grados_eje_1
0000a920     2a4 (0000a900)     _Offset_grados_eje_2
0000a922     2a4 (0000a900)     _Offset_grados_eje_3

0000a940     2a5 (0000a940)     _qep_posspeed_1

0000a980     2a6 (0000a980)     _qep_posspeed_2

0000a9c0     2a7 (0000a9c0)     _qep_posspeed_3
0000a9e4     2a7 (0000a9c0)     _IntToUint
0000a9e5     2a7 (0000a9c0)     _instruccion
0000a9ee     2a7 (0000a9c0)     _FloatToInt
0000a9f0     2a7 (0000a9c0)     _IntToChar
0000a9f2     2a7 (0000a9c0)     _CharToInt
0000a9f6     2a7 (0000a9c0)     _FloatToByte
0000a9fa     2a7 (0000a9c0)     ___TI_enable_exit_profile_output
0000a9fc     2a7 (0000a9c0)     ___TI_cleanup_ptr
0000a9fe     2a7 (0000a9c0)     ___TI_dtors_ptr

0000aa00     2a8 (0000aa00)     _HOME_SW_1
0000aa01     2a8 (0000aa00)     _HOME_SW_2
0000aa02     2a8 (0000aa00)     _HOME_SW_3
0000aa03     2a8 (0000aa00)     _SE_IN_ISR
0000aa04     2a8 (0000aa00)     _OCP_IN_ISR
0000aa05     2a8 (0000aa00)     _OTP_IN_ISR
0000aa06     2a8 (0000aa00)     _TEMP_1
0000aa07     2a8 (0000aa00)     _TEMP_2
0000aa08     2a8 (0000aa00)     _TEMP_3
0000aa09     2a8 (0000aa00)     _CLEAR_OTP
0000aa0a     2a8 (0000aa00)     _se_ack
0000aa0b     2a8 (0000aa00)     _ocp_ack
0000aa0c     2a8 (0000aa00)     _otp_ack
0000aa0d     2a8 (0000aa00)     _init
0000aa0e     2a8 (0000aa00)     _init2
0000aa0f     2a8 (0000aa00)     _init3
0000aa10     2a8 (0000aa00)     _doSample
0000aa12     2a8 (0000aa00)     _doLoop
0000aa14     2a8 (0000aa00)     _Modo
0000aa16     2a8 (0000aa00)     _limitesProteccion
0000aa1c     2a8 (0000aa00)     _flagsProtecciones
0000aa3c     2a8 (0000aa00)     __lock
0000aa3e     2a8 (0000aa00)     __unlock

0000aa40     2a9 (0000aa40)     _PieVectTableInit

00047000    11c0 (00047000)     _Emif1Regs

00047800    11e0 (00047800)     _Emif2Regs

00048000    1200 (00048000)     _CanaRegs

0004a000    1280 (0004a000)     _CanbRegs

00050000    1400 (00050000)     _IpcRegs
00050024    1400 (00050000)     _FlashPumpSemaphoreRegs

0005d000    1740 (0005d000)     _DevCfgRegs

0005d180    1746 (0005d180)     _AnalogSubsysRegs

0005d200    1748 (0005d200)     _ClkCfgRegs

0005d300    174c (0005d300)     _CpuSysRegs

0005e608    1798 (0005e600)     _RomPrefetchRegs

0005f000    17c0 (0005f000)     _DcsmZ1Regs

0005f040    17c1 (0005f040)     _DcsmZ2Regs
0005f070    17c1 (0005f040)     _DcsmCommonRegs

0005f400    17d0 (0005f400)     _MemCfgRegs

0005f480    17d2 (0005f480)     _Emif1ConfigRegs
0005f4a0    17d2 (0005f480)     _Emif2ConfigRegs

0005f4c0    17d3 (0005f4c0)     _AccessProtectionRegs

0005f500    17d4 (0005f500)     _MemoryErrorRegs

0005f540    17d5 (0005f540)     _RomWaitStateRegs

0005f800    17e0 (0005f800)     _Flash0CtrlRegs

0005fb00    17ec (0005fb00)     _Flash0EccRegs


GLOBAL SYMBOLS: SORTED ALPHABETICALLY BY Name 

page  address   name                                  
----  -------   ----                                  
abs   ffffffff  .text                                 
0     00008fb6  C$$EXIT                               
0     00009800  FS$$DIV                               
0     00009a2b  LL$$AND                               
0     000097e2  LL$$CMP                               
0     00009a33  LL$$OR                                
0     00009a3b  LL$$XOR                               
0     000097f4  ULL$$CMP                              
0     0000b0be  _ADCA1_ISR                            
0     0000b33e  _ADCA2_ISR                            
0     0000b348  _ADCA3_ISR                            
0     0000b352  _ADCA4_ISR                            
0     0000b334  _ADCA_EVT_ISR                         
0     0000b0c8  _ADCB1_ISR                            
0     0000b366  _ADCB2_ISR                            
0     0000b370  _ADCB3_ISR                            
0     0000b37a  _ADCB4_ISR                            
0     0000b35c  _ADCB_EVT_ISR                         
0     0000b0d2  _ADCC1_ISR                            
0     0000b4ce  _ADCC2_ISR                            
0     0000b4d8  _ADCC3_ISR                            
0     0000b4e2  _ADCC4_ISR                            
0     0000b4c4  _ADCC_EVT_ISR                         
0     0000b0f0  _ADCD1_ISR                            
0     0000b4f6  _ADCD2_ISR                            
0     0000b500  _ADCD3_ISR                            
0     0000b50a  _ADCD4_ISR                            
0     0000b4ec  _ADCD_EVT_ISR                         
0     0000b546  _AUX_PLL_SLIP_ISR                     
1     0000a803  _Abrir                                
1     0005f4c0  _AccessProtectionRegs                 
1     00007400  _AdcaRegs                             
1     00000b00  _AdcaResultRegs                       
1     00007480  _AdcbRegs                             
1     00000b20  _AdcbResultRegs                       
1     00007500  _AdccRegs                             
1     00000b40  _AdccResultRegs                       
1     00007580  _AdcdRegs                             
1     00000b60  _AdcdResultRegs                       
1     0005d180  _AnalogSubsysRegs                     
0     0000946f  _Angle_Reset                          
1     0000a912  _Angulo_grados_eje_1                  
1     0000a914  _Angulo_grados_eje_2                  
1     0000a916  _Angulo_grados_eje_3                  
0     00008c3a  _AuxAuxClkSel                         
0     00008c24  _AuxIntOsc2Sel                        
0     00008c2e  _AuxXtalOscSel                        
0     00009055  _Byte2Float                           
0     00009022  _ByteToInt16                          
0     0000b30c  _CANA0_ISR                            
0     0000b316  _CANA1_ISR                            
0     0000b320  _CANB0_ISR                            
0     0000b32a  _CANB1_ISR                            
0     0000b384  _CLA1_1_ISR                           
0     0000b38e  _CLA1_2_ISR                           
0     0000b398  _CLA1_3_ISR                           
0     0000b3a2  _CLA1_4_ISR                           
0     0000b3ac  _CLA1_5_ISR                           
0     0000b3b6  _CLA1_6_ISR                           
0     0000b3c0  _CLA1_7_ISR                           
0     0000b3ca  _CLA1_8_ISR                           
0     0000b550  _CLA_OVERFLOW_ISR                     
0     0000b55a  _CLA_UNDERFLOW_ISR                    
1     0000aa09  _CLEAR_OTP                            
1     00048000  _CanaRegs                             
1     0004a000  _CanbRegs                             
1     0000a804  _Cerrar                               
1     0000a9f2  _CharToInt                            
1     00001400  _Cla1Regs                             
1     00003200  _Clb1DataExchRegs                     
1     00003000  _Clb1LogicCfgRegs                     
1     00003100  _Clb1LogicCtrlRegs                    
1     00003600  _Clb2DataExchRegs                     
1     00003400  _Clb2LogicCfgRegs                     
1     00003500  _Clb2LogicCtrlRegs                    
1     00003a00  _Clb3DataExchRegs                     
1     00003800  _Clb3LogicCfgRegs                     
1     00003900  _Clb3LogicCtrlRegs                    
1     00003e00  _Clb4DataExchRegs                     
1     00003c00  _Clb4LogicCfgRegs                     
1     00003d00  _Clb4LogicCtrlRegs                    
1     00007a40  _ClbXbarRegs                          
1     0005d200  _ClkCfgRegs                           
1     00005c80  _Cmpss1Regs                           
1     00005ca0  _Cmpss2Regs                           
1     00005cc0  _Cmpss3Regs                           
1     00005ce0  _Cmpss4Regs                           
1     00005d00  _Cmpss5Regs                           
1     00005d20  _Cmpss6Regs                           
1     00005d40  _Cmpss7Regs                           
1     00005d60  _Cmpss8Regs                           
0     00009888  _ComprobarLimites                     
0     000093d1  _Comunicaciones                       
0     0000965d  _ConfigureADC                         
0     00008c8e  _ConfigureTMXAnalogTrim               
0     00008d6e  _Control                              
1     0005d300  _CpuSysRegs                           
1     00000c00  _CpuTimer0Regs                        
1     00000c08  _CpuTimer1Regs                        
1     00000c10  _CpuTimer2Regs                        
0     00008bcf  _CsmUnlock                            
0     0000b014  _DATALOG_ISR                          
0     0000b258  _DMA_CH1_ISR                          
0     0000b262  _DMA_CH2_ISR                          
0     0000b26c  _DMA_CH3_ISR                          
0     0000b276  _DMA_CH4_ISR                          
0     0000b280  _DMA_CH5_ISR                          
0     0000b28a  _DMA_CH6_ISR                          
1     00005c00  _DacaRegs                             
1     00005c10  _DacbRegs                             
1     00005c20  _DaccRegs                             
1     0005f070  _DcsmCommonRegs                       
1     0005f000  _DcsmZ1Regs                           
1     0005f040  _DcsmZ2Regs                           
1     0005d000  _DevCfgRegs                           
0     000088e3  _DisableDog                           
0     000088a4  _DisablePeripheralClocks              
1     00007980  _DmaClaSrcSelRegs                     
1     00001000  _DmaRegs                              
1     0000a826  _Duty1                                
1     0000a828  _Duty2                                
1     0000a82a  _Duty3                                
0     0000b1ae  _ECAP1_ISR                            
0     0000b1b8  _ECAP2_ISR                            
0     0000b1c2  _ECAP3_ISR                            
0     0000b1cc  _ECAP4_ISR                            
0     0000b1d6  _ECAP5_ISR                            
0     0000b1e0  _ECAP6_ISR                            
1     00005000  _ECap1Regs                            
1     00005020  _ECap2Regs                            
1     00005040  _ECap3Regs                            
1     00005060  _ECap4Regs                            
1     00005080  _ECap5Regs                            
1     000050a0  _ECap6Regs                            
0     0000b514  _EMIF_ERROR_ISR                       
0     0000b56e  _EMPTY_ISR                            
0     0000b028  _EMU_ISR                              
0     0000b46a  _EPWM10_ISR                           
0     0000b442  _EPWM10_TZ_ISR                        
0     0000b474  _EPWM11_ISR                           
0     0000b44c  _EPWM11_TZ_ISR                        
0     0000b47e  _EPWM12_ISR                           
0     0000b456  _EPWM12_TZ_ISR                        
0     0000b15e  _EPWM1_ISR                            
0     0000b10e  _EPWM1_TZ_ISR                         
0     0000b168  _EPWM2_ISR                            
0     0000b118  _EPWM2_TZ_ISR                         
0     0000b172  _EPWM3_ISR                            
0     0000b122  _EPWM3_TZ_ISR                         
0     0000b17c  _EPWM4_ISR                            
0     0000b12c  _EPWM4_TZ_ISR                         
0     0000b186  _EPWM5_ISR                            
0     0000b136  _EPWM5_TZ_ISR                         
0     0000b190  _EPWM6_ISR                            
0     0000b140  _EPWM6_TZ_ISR                         
0     0000b19a  _EPWM7_ISR                            
0     0000b14a  _EPWM7_TZ_ISR                         
0     0000b1a4  _EPWM8_ISR                            
0     0000b154  _EPWM8_TZ_ISR                         
0     0000b460  _EPWM9_ISR                            
0     0000b438  _EPWM9_TZ_ISR                         
1     00004900  _EPwm10Regs                           
1     00004a00  _EPwm11Regs                           
1     00004b00  _EPwm12Regs                           
1     00004000  _EPwm1Regs                            
1     00004100  _EPwm2Regs                            
1     00004200  _EPwm3Regs                            
1     00004300  _EPwm4Regs                            
1     00004400  _EPwm5Regs                            
1     00004500  _EPwm6Regs                            
1     00004600  _EPwm7Regs                            
1     00004700  _EPwm8Regs                            
1     00004800  _EPwm9Regs                            
1     00007a00  _EPwmXbarRegs                         
0     0000b1ea  _EQEP1_ISR                            
0     0000b1f4  _EQEP2_ISR                            
0     0000b1fe  _EQEP3_ISR                            
1     00005100  _EQep1Regs                            
1     00005140  _EQep2Regs                            
1     00005180  _EQep3Regs                            
1     0005f480  _Emif1ConfigRegs                      
1     00047000  _Emif1Regs                            
1     0005f4a0  _Emif2ConfigRegs                      
1     00047800  _Emif2Regs                            
0     000097d9  _EnableInterrupts                     
0     0000970e  _Entradas_Salidas_init                
0     000003ee  _F28x_usDelay                         
0     0000b528  _FLASH_CORRECTABLE_ERROR_ISR          
0     0000b3fc  _FPU_OVERFLOW_ISR                     
0     0000b406  _FPU_UNDERFLOW_ISR                    
1     0005f800  _Flash0CtrlRegs                       
1     0005fb00  _Flash0EccRegs                        
1     00050024  _FlashPumpSemaphoreRegs               
0     00009032  _Float2Byte                           
1     0000a9f6  _FloatToByte                          
1     0000a9ee  _FloatToInt                           
0     0000b77e  _GPIO_EnableUnbondedIOPullups         
0     0000b759  _GPIO_EnableUnbondedIOPullupsFor100Pin
0     0000b740  _GPIO_EnableUnbondedIOPullupsFor176Pin
0     0000b794  _GPIO_ReadPin                         
0     0000b6e5  _GPIO_SetupLock                       
0     0000b5c5  _GPIO_SetupPinMux                     
0     0000b651  _GPIO_SetupPinOptions                 
0     0000b70e  _GPIO_SetupXINT1Gpio                  
0     0000b718  _GPIO_SetupXINT2Gpio                  
0     0000b722  _GPIO_SetupXINT3Gpio                  
0     0000b72c  _GPIO_SetupXINT4Gpio                  
0     0000b736  _GPIO_SetupXINT5Gpio                  
0     0000b7ab  _GPIO_WritePin                        
1     00007c00  _GpioCtrlRegs                         
1     00007f00  _GpioDataRegs                         
0     00008c58  _HALT                                 
0     00008c71  _HIB                                  
1     0000aa00  _HOME_SW_1                            
1     0000aa01  _HOME_SW_2                            
1     0000aa02  _HOME_SW_3                            
0     0000b29e  _I2CA_FIFO_ISR                        
0     0000b294  _I2CA_ISR                             
0     0000b2b2  _I2CB_FIFO_ISR                        
0     0000b2a8  _I2CB_ISR                             
1     00007300  _I2caRegs                             
1     00007340  _I2cbRegs                             
0     00008c44  _IDLE                                 
0     0000b03c  _ILLEGAL_ISR                          
0     0000b410  _IPC0_ISR                             
0     0000b41a  _IPC1_ISR                             
0     0000b424  _IPC2_ISR                             
0     0000b42e  _IPC3_ISR                             
0     00008ae0  _InitAuxPll                           
0     00009399  _InitComunicacionesGPIO               
0     0000876a  _InitEPwm10Gpio                       
0     0000877d  _InitEPwm11Gpio                       
0     00008791  _InitEPwm12Gpio                       
0     000086c0  _InitEPwm1Gpio                        
0     000095a7  _InitEPwm2                            
0     000086d2  _InitEPwm2Gpio                        
0     000095d9  _InitEPwm3                            
0     000086e4  _InitEPwm3Gpio                        
0     0000960b  _InitEPwm4                            
0     000086f8  _InitEPwm4Gpio                        
0     0000963d  _InitEPwm5                            
0     0000870c  _InitEPwm5Gpio                        
0     0000871e  _InitEPwm6Gpio                        
0     00008730  _InitEPwm7Gpio                        
0     00008744  _InitEPwm8Gpio                        
0     00008758  _InitEPwm9Gpio                        
0     000086a7  _InitEPwmGpio                         
0     00009906  _InitEQep                             
0     0000990e  _InitEQep1Gpio                        
0     00009926  _InitEQep2Gpio                        
0     00009948  _InitEQep3Gpio                        
0     00009907  _InitEQepGpio                         
0     0000b585  _InitGpio                             
0     00008820  _InitPeripheralClocks                 
0     000097ba  _InitPieCtrl                          
0     000099c4  _InitPieVectTable                     
0     00008800  _InitSysCtrl                          
0     000088f1  _InitSysPll                           
0     000093ae  _Init_Comunicaciones                  
1     00007900  _InputXbarRegs                        
0     00009000  _Int32ToByte                          
1     0000a9f0  _IntToChar                            
1     0000a9e4  _IntToUint                            
1     00050000  _IpcRegs                              
0     0000b230  _MCBSPA_RX_ISR                        
0     0000b23a  _MCBSPA_TX_ISR                        
0     0000b244  _MCBSPB_RX_ISR                        
0     0000b24e  _MCBSPB_TX_ISR                        
0     0000906f  _MEF_Recepcion                        
0     000091f3  _MEF_Transmision                      
1     00006000  _McbspaRegs                           
1     00006040  _McbspbRegs                           
1     0005f400  _MemCfgRegs                           
1     0005f500  _MemoryErrorRegs                      
1     0000aa14  _Modo                                 
0     000093d8  _Muestreo                             
0     0000b032  _NMI_ISR                              
0     0000b57b  _NOTUSED_ISR                          
1     00007060  _NmiIntruptRegs                       
1     0000aa04  _OCP_IN_ISR                           
1     0000aa05  _OTP_IN_ISR                           
1     0000a91e  _Offset_grados_eje_1                  
1     0000a920  _Offset_grados_eje_2                  
1     0000a922  _Offset_grados_eje_3                  
1     00007a80  _OutputXbarRegs                       
0     0000b564  _PIE_RESERVED_ISR                     
0     00008066  _POSSPEED_1_Calc                      
0     00008000  _POSSPEED_1_Init                      
0     000081d5  _POSSPEED_2_Calc                      
0     00008022  _POSSPEED_2_Init                      
0     0000833f  _POSSPEED_3_Calc                      
0     00008044  _POSSPEED_3_Init                      
1     0000a824  _Period                               
1     00000ce0  _PieCtrlRegs                          
1     00000d00  _PieVectTable                         
1     0000aa40  _PieVectTableInit                     
0     0000b532  _RAM_ACCESS_VIOLATION_ISR             
0     0000b51e  _RAM_CORRECTABLE_ERROR_ISR            
0     0000b01e  _RTOS_ISR                             
0     000088cb  _ReleaseFlashPump                     
0     000098f1  _Reset_PWM                            
1     0005e608  _RomPrefetchRegs                      
1     0005f540  _RomWaitStateRegs                     
0     0000b2e4  _SCIA_RX_ISR                          
0     0000b2ee  _SCIA_TX_ISR                          
0     0000b2f8  _SCIB_RX_ISR                          
0     0000b302  _SCIB_TX_ISR                          
0     0000b2bc  _SCIC_RX_ISR                          
0     0000b2c6  _SCIC_TX_ISR                          
0     0000b2d0  _SCID_RX_ISR                          
0     0000b2da  _SCID_TX_ISR                          
0     0000b488  _SD1_ISR                              
0     0000b492  _SD2_ISR                              
1     0000aa03  _SE_IN_ISR                            
0     0000b208  _SPIA_RX_ISR                          
0     0000b212  _SPIA_TX_ISR                          
0     0000b21c  _SPIB_RX_ISR                          
0     0000b226  _SPIB_TX_ISR                          
0     0000b49c  _SPIC_RX_ISR                          
0     0000b4a6  _SPIC_TX_ISR                          
1     0000a909  _SP_REF_1                             
1     0000a90a  _SP_REF_2                             
1     0000a90b  _SP_REF_3                             
0     00008c4d  _STANDBY                              
0     0000b53c  _SYS_PLL_SLIP_ISR                     
1     00007200  _SciaRegs                             
1     00007210  _ScibRegs                             
1     00007220  _ScicRegs                             
1     00007230  _ScidRegs                             
1     00005e00  _Sdfm1Regs                            
1     00005e80  _Sdfm2Regs                            
0     000088bc  _SeizeFlashPump                       
0     000088d5  _ServiceDog                           
0     00009966  _Set_Parametros_PID                   
0     00008fdf  _Set_Salidas                          
0     0000969b  _SetupADCEpwm                         
1     00006100  _SpiaRegs                             
1     00006110  _SpibRegs                             
1     00006120  _SpicRegs                             
1     00007940  _SyncSocRegs                          
0     00008bf0  _SysIntOsc1Sel                        
0     00008c00  _SysIntOsc2Sel                        
0     00008c14  _SysXtalOscSel                        
1     0000aa06  _TEMP_1                               
1     0000aa07  _TEMP_2                               
1     0000aa08  _TEMP_3                               
0     0000b0fa  _TIMER0_ISR                           
0     0000b000  _TIMER1_ISR                           
0     0000b00a  _TIMER2_ISR                           
0     0000b4b0  _UPPA_ISR                             
0     0000b4ba  _USBA_ISR                             
0     0000b0a0  _USER10_ISR                           
0     0000b0aa  _USER11_ISR                           
0     0000b0b4  _USER12_ISR                           
0     0000b046  _USER1_ISR                            
0     0000b050  _USER2_ISR                            
0     0000b05a  _USER3_ISR                            
0     0000b064  _USER4_ISR                            
0     0000b06e  _USER5_ISR                            
0     0000b078  _USER6_ISR                            
0     0000b082  _USER7_ISR                            
0     0000b08c  _USER8_ISR                            
0     0000b096  _USER9_ISR                            
1     00006200  _UppRegs                              
0     0000b3f2  _VCU_ISR                              
0     0000b104  _WAKE_ISR                             
1     00007000  _WdRegs                               
0     0000b0dc  _XINT1_ISR                            
0     0000b0e6  _XINT2_ISR                            
0     0000b3d4  _XINT3_ISR                            
0     0000b3de  _XINT4_ISR                            
0     0000b3e8  _XINT5_ISR                            
1     00007920  _XbarRegs                             
1     00007070  _XintRegs                             
1     00000500  __STACK_END                           
abs   00000100  __STACK_SIZE                          
1     0000a9fc  ___TI_cleanup_ptr                     
1     0000a9fe  ___TI_dtors_ptr                       
1     0000a9fa  ___TI_enable_exit_profile_output      
abs   ffffffff  ___TI_pprof_out_hndl                  
abs   ffffffff  ___TI_prof_data_size                  
abs   ffffffff  ___TI_prof_data_start                 
abs   ffffffff  ___binit__                            
abs   ffffffff  ___c_args__                           
0     00000123  ___cinit__                            
abs   ffffffff  ___etext__                            
abs   ffffffff  ___pinit__                            
abs   ffffffff  ___text__                             
0     00009a43  __args_main                           
1     0000aa3c  __lock                                
0     00009a5d  __nop                                 
0     00009a59  __register_lock                       
0     00009a55  __register_unlock                     
1     00000400  __stack                               
0     0000b7fb  __system_post_cinit                   
0     0000b7f9  __system_pre_init                     
1     0000aa3e  __unlock                              
0     00008fb6  _abort                                
0     000094c6  _adca1_isr                            
1     0000a82c  _angulo_1                             
1     0000a82e  _angulo_2                             
1     0000a830  _angulo_3                             
1     0000a918  _aux_POS_1                            
1     0000a91a  _aux_POS_2                            
1     0000a91c  _aux_POS_3                            
1     0000a838  _aux_rk1                              
1     0000a83a  _aux_rk2                              
1     0000a83c  _aux_rk3                              
1     0000a832  _aux_yk1                              
1     0000a834  _aux_yk2                              
1     0000a836  _aux_yk3                              
0     000087a4  _c_int00                              
0     000099ea  _copy_in                              
1     0000a900  _corriente_medida_1                   
1     0000a901  _corriente_medida_2                   
1     0000a902  _corriente_medida_3                   
1     0000a90c  _corriente_real_1                     
1     0000a90e  _corriente_real_2                     
1     0000a910  _corriente_real_3                     
1     0000a83e  _corriente_real_con_signo_1           
1     0000a840  _corriente_real_con_signo_2           
1     0000a842  _corriente_real_con_signo_3           
1     0000aa12  _doLoop                               
1     0000aa10  _doSample                             
1     0000a812  _e1                                   
1     0000a814  _e2                                   
1     0000a816  _e3                                   
0     00008fb8  _exit                                 
1     0000aa1c  _flagsProtecciones                    
0     00008623  _homming                              
0     000084ba  _homming3_junta                       
0     00008573  _homming_junta                        
1     0000aa0d  _init                                 
1     0000aa0e  _init2                                
1     0000aa0f  _init3                                
0     0000b7c9  _initEpwm                             
1     0000a9e5  _instruccion                          
1     0000a903  _limite_temperatura_1                 
1     0000a904  _limite_temperatura_2                 
1     0000a905  _limite_temperatura_3                 
1     0000aa16  _limitesProteccion                    
0     00008e4d  _main                                 
0     00009a0e  _memcpy                               
1     0000aa0b  _ocp_ack                              
1     0000aa0c  _otp_ack                              
1     0000a800  _phaseOffset1                         
1     0000a801  _phaseOffset2                         
1     0000a802  _phaseOffset3                         
1     0000a844  _pid1                                 
1     0000a860  _pid2                                 
1     0000a880  _pid3                                 
1     0000a89c  _pid4                                 
1     0000a8c0  _pid5                                 
1     0000a8dc  _pid6                                 
1     0000a940  _qep_posspeed_1                       
1     0000a980  _qep_posspeed_2                       
1     0000a9c0  _qep_posspeed_3                       
1     0000a906  _ref_entrada_1                        
1     0000a907  _ref_entrada_2                        
1     0000a908  _ref_entrada_3                        
1     0000a806  _rk1                                  
1     0000a808  _rk2                                  
1     0000a80a  _rk3                                  
1     0000a805  _rutina                               
0     000093c5  _scib_xmit                            
1     0000aa0a  _se_ack                               
0     000084ae  _signo                                
1     0000a818  _uk1                                  
1     0000a81a  _uk2                                  
1     0000a81c  _uk3                                  
1     0000a81e  _uz1                                  
1     0000a820  _uz2                                  
1     0000a822  _uz3                                  
0     00009525  _xint_OCP_isr                         
0     00009566  _xint_OTP_isr                         
0     000094e0  _xint_SE_isr                          
1     0000a80c  _yk1                                  
1     0000a80e  _yk2                                  
1     0000a810  _yk3                                  
abs   ffffffff  binit                                 
0     00000123  cinit                                 
0     00000000  code_start                            
abs   ffffffff  etext                                 
abs   ffffffff  pinit                                 


GLOBAL SYMBOLS: SORTED BY Symbol Address 

page  address   name                                  
----  -------   ----                                  
0     00000000  code_start                            
0     00000123  ___cinit__                            
0     00000123  cinit                                 
0     000003ee  _F28x_usDelay                         
0     00008000  _POSSPEED_1_Init                      
0     00008022  _POSSPEED_2_Init                      
0     00008044  _POSSPEED_3_Init                      
0     00008066  _POSSPEED_1_Calc                      
0     000081d5  _POSSPEED_2_Calc                      
0     0000833f  _POSSPEED_3_Calc                      
0     000084ae  _signo                                
0     000084ba  _homming3_junta                       
0     00008573  _homming_junta                        
0     00008623  _homming                              
0     000086a7  _InitEPwmGpio                         
0     000086c0  _InitEPwm1Gpio                        
0     000086d2  _InitEPwm2Gpio                        
0     000086e4  _InitEPwm3Gpio                        
0     000086f8  _InitEPwm4Gpio                        
0     0000870c  _InitEPwm5Gpio                        
0     0000871e  _InitEPwm6Gpio                        
0     00008730  _InitEPwm7Gpio                        
0     00008744  _InitEPwm8Gpio                        
0     00008758  _InitEPwm9Gpio                        
0     0000876a  _InitEPwm10Gpio                       
0     0000877d  _InitEPwm11Gpio                       
0     00008791  _InitEPwm12Gpio                       
0     000087a4  _c_int00                              
0     00008800  _InitSysCtrl                          
0     00008820  _InitPeripheralClocks                 
0     000088a4  _DisablePeripheralClocks              
0     000088bc  _SeizeFlashPump                       
0     000088cb  _ReleaseFlashPump                     
0     000088d5  _ServiceDog                           
0     000088e3  _DisableDog                           
0     000088f1  _InitSysPll                           
0     00008ae0  _InitAuxPll                           
0     00008bcf  _CsmUnlock                            
0     00008bf0  _SysIntOsc1Sel                        
0     00008c00  _SysIntOsc2Sel                        
0     00008c14  _SysXtalOscSel                        
0     00008c24  _AuxIntOsc2Sel                        
0     00008c2e  _AuxXtalOscSel                        
[...]
0     0000b10e  _EPWM1_TZ_ISR                         
0     0000b118  _EPWM2_TZ_ISR                         
0     0000b122  _EPWM3_TZ_ISR                         
0     0000b12c  _EPWM4_TZ_ISR                         
0     0000b136  _EPWM5_TZ_ISR                         
0     0000b140  _EPWM6_TZ_ISR                         
0     0000b14a  _EPWM7_TZ_ISR                         
0     0000b154  _EPWM8_TZ_ISR                         
0     0000b15e  _EPWM1_ISR                            
0     0000b168  _EPWM2_ISR                            
0     0000b172  _EPWM3_ISR                            
0     0000b17c  _EPWM4_ISR                            
0     0000b186  _EPWM5_ISR                            
0     0000b190  _EPWM6_ISR                            
0     0000b19a  _EPWM7_ISR                            
0     0000b1a4  _EPWM8_ISR                            
0     0000b1ae  _ECAP1_ISR                            
0     0000b1b8  _ECAP2_ISR                            
0     0000b1c2  _ECAP3_ISR                            
0     0000b1cc  _ECAP4_ISR                            
0     0000b1d6  _ECAP5_ISR                            
0     0000b1e0  _ECAP6_ISR                            
0     0000b1ea  _EQEP1_ISR                            
0     0000b1f4  _EQEP2_ISR                            
0     0000b1fe  _EQEP3_ISR                            
0     0000b208  _SPIA_RX_ISR                          
0     0000b212  _SPIA_TX_ISR                          
0     0000b21c  _SPIB_RX_ISR                          
0     0000b226  _SPIB_TX_ISR                          
0     0000b230  _MCBSPA_RX_ISR                        
0     0000b23a  _MCBSPA_TX_ISR                        
0     0000b244  _MCBSPB_RX_ISR                        
0     0000b24e  _MCBSPB_TX_ISR                        
0     0000b258  _DMA_CH1_ISR                          
0     0000b262  _DMA_CH2_ISR                          
0     0000b26c  _DMA_CH3_ISR                          
0     0000b276  _DMA_CH4_ISR                          
0     0000b280  _DMA_CH5_ISR                          
0     0000b28a  _DMA_CH6_ISR                          
0     0000b294  _I2CA_ISR                             
0     0000b29e  _I2CA_FIFO_ISR                        
0     0000b2a8  _I2CB_ISR                             
0     0000b2b2  _I2CB_FIFO_ISR                        
0     0000b2bc  _SCIC_RX_ISR                          
0     0000b2c6  _SCIC_TX_ISR                          
0     0000b2d0  _SCID_RX_ISR                          
0     0000b2da  _SCID_TX_ISR                          
0     0000b2e4  _SCIA_RX_ISR                          
0     0000b2ee  _SCIA_TX_ISR                          
0     0000b2f8  _SCIB_RX_ISR                          
0     0000b302  _SCIB_TX_ISR                          
0     0000b30c  _CANA0_ISR                            
0     0000b316  _CANA1_ISR                            
0     0000b320  _CANB0_ISR                            
0     0000b32a  _CANB1_ISR                            
0     0000b334  _ADCA_EVT_ISR                         
0     0000b33e  _ADCA2_ISR                            
0     0000b348  _ADCA3_ISR                            
0     0000b352  _ADCA4_ISR                            
0     0000b35c  _ADCB_EVT_ISR                         
0     0000b366  _ADCB2_ISR                            
0     0000b370  _ADCB3_ISR                            
0     0000b37a  _ADCB4_ISR                            
0     0000b384  _CLA1_1_ISR                           
0     0000b38e  _CLA1_2_ISR                           
0     0000b398  _CLA1_3_ISR                           
0     0000b3a2  _CLA1_4_ISR                           
0     0000b3ac  _CLA1_5_ISR                           
0     0000b3b6  _CLA1_6_ISR                           
0     0000b3c0  _CLA1_7_ISR                           
0     0000b3ca  _CLA1_8_ISR                           
0     0000b3d4  _XINT3_ISR                            
0     0000b3de  _XINT4_ISR                            
0     0000b3e8  _XINT5_ISR                            
0     0000b3f2  _VCU_ISR                              
0     0000b3fc  _FPU_OVERFLOW_ISR                     
0     0000b406  _FPU_UNDERFLOW_ISR                    
0     0000b410  _IPC0_ISR                             
0     0000b41a  _IPC1_ISR                             
0     0000b424  _IPC2_ISR                             
0     0000b42e  _IPC3_ISR                             
0     0000b438  _EPWM9_TZ_ISR                         
0     0000b442  _EPWM10_TZ_ISR                        
0     0000b44c  _EPWM11_TZ_ISR                        
0     0000b456  _EPWM12_TZ_ISR                        
0     0000b460  _EPWM9_ISR                            
0     0000b46a  _EPWM10_ISR                           
0     0000b474  _EPWM11_ISR                           
0     0000b47e  _EPWM12_ISR                           
0     0000b488  _SD1_ISR                              
0     0000b492  _SD2_ISR                              
0     0000b49c  _SPIC_RX_ISR                          
0     0000b4a6  _SPIC_TX_ISR                          
0     0000b4b0  _UPPA_ISR                             
0     0000b4ba  _USBA_ISR                             
0     0000b4c4  _ADCC_EVT_ISR                         
0     0000b4ce  _ADCC2_ISR                            
0     0000b4d8  _ADCC3_ISR                            
0     0000b4e2  _ADCC4_ISR                            
0     0000b4ec  _ADCD_EVT_ISR                         
0     0000b4f6  _ADCD2_ISR                            
0     0000b500  _ADCD3_ISR                            
0     0000b50a  _ADCD4_ISR                            
0     0000b514  _EMIF_ERROR_ISR                       
0     0000b51e  _RAM_CORRECTABLE_ERROR_ISR            
0     0000b528  _FLASH_CORRECTABLE_ERROR_ISR          
0     0000b532  _RAM_ACCESS_VIOLATION_ISR             
0     0000b53c  _SYS_PLL_SLIP_ISR                     
0     0000b546  _AUX_PLL_SLIP_ISR                     
0     0000b550  _CLA_OVERFLOW_ISR                     
0     0000b55a  _CLA_UNDERFLOW_ISR                    
0     0000b564  _PIE_RESERVED_ISR                     
0     0000b56e  _EMPTY_ISR                            
0     0000b57b  _NOTUSED_ISR                          
0     0000b585  _InitGpio                             
0     0000b5c5  _GPIO_SetupPinMux                     
0     0000b651  _GPIO_SetupPinOptions                 
0     0000b6e5  _GPIO_SetupLock                       
0     0000b70e  _GPIO_SetupXINT1Gpio                  
0     0000b718  _GPIO_SetupXINT2Gpio                  
0     0000b722  _GPIO_SetupXINT3Gpio                  
0     0000b72c  _GPIO_SetupXINT4Gpio                  
0     0000b736  _GPIO_SetupXINT5Gpio                  
0     0000b740  _GPIO_EnableUnbondedIOPullupsFor176Pin
0     0000b759  _GPIO_EnableUnbondedIOPullupsFor100Pin
0     0000b77e  _GPIO_EnableUnbondedIOPullups         
0     0000b794  _GPIO_ReadPin                         
0     0000b7ab  _GPIO_WritePin                        
0     0000b7c9  _initEpwm                             
0     0000b7f9  __system_pre_init                     
0     0000b7fb  __system_post_cinit                   
1     00000400  __stack                               
1     00000500  __STACK_END                           
1     00000b00  _AdcaResultRegs                       
1     00000b20  _AdcbResultRegs                       
1     00000b40  _AdccResultRegs                       
1     00000b60  _AdcdResultRegs                       
1     00000c00  _CpuTimer0Regs                        
1     00000c08  _CpuTimer1Regs                        
1     00000c10  _CpuTimer2Regs                        
1     00000ce0  _PieCtrlRegs                          
1     00000d00  _PieVectTable                         
1     00001000  _DmaRegs                              
1     00001400  _Cla1Regs                             
1     00003000  _Clb1LogicCfgRegs                     
1     00003100  _Clb1LogicCtrlRegs                    
1     00003200  _Clb1DataExchRegs                     
1     00003400  _Clb2LogicCfgRegs                     
1     00003500  _Clb2LogicCtrlRegs                    
1     00003600  _Clb2DataExchRegs                     
1     00003800  _Clb3LogicCfgRegs                     
1     00003900  _Clb3LogicCtrlRegs                    
1     00003a00  _Clb3DataExchRegs                     
1     00003c00  _Clb4LogicCfgRegs                     
1     00003d00  _Clb4LogicCtrlRegs                    
1     00003e00  _Clb4DataExchRegs                     
1     00004000  _EPwm1Regs                            
1     00004100  _EPwm2Regs                            
1     00004200  _EPwm3Regs                            
1     00004300  _EPwm4Regs                            
1     00004400  _EPwm5Regs                            
1     00004500  _EPwm6Regs                            
1     00004600  _EPwm7Regs                            
1     00004700  _EPwm8Regs                            
1     00004800  _EPwm9Regs                            
1     00004900  _EPwm10Regs                           
1     00004a00  _EPwm11Regs                           
1     00004b00  _EPwm12Regs                           
1     00005000  _ECap1Regs                            
1     00005020  _ECap2Regs                            
1     00005040  _ECap3Regs                            
1     00005060  _ECap4Regs                            
1     00005080  _ECap5Regs                            
1     000050a0  _ECap6Regs                            
1     00005100  _EQep1Regs                            
1     00005140  _EQep2Regs                            
1     00005180  _EQep3Regs                            
1     00005c00  _DacaRegs                             
1     00005c10  _DacbRegs                             
1     00005c20  _DaccRegs                             
1     00005c80  _Cmpss1Regs                           
1     00005ca0  _Cmpss2Regs                           
1     00005cc0  _Cmpss3Regs                           
1     00005ce0  _Cmpss4Regs                           
1     00005d00  _Cmpss5Regs                           
1     00005d20  _Cmpss6Regs                           
1     00005d40  _Cmpss7Regs                           
1     00005d60  _Cmpss8Regs                           
1     00005e00  _Sdfm1Regs                            
1     00005e80  _Sdfm2Regs                            
1     00006000  _McbspaRegs                           
1     00006040  _McbspbRegs                           
1     00006100  _SpiaRegs                             
1     00006110  _SpibRegs                             
1     00006120  _SpicRegs                             
1     00006200  _UppRegs                              
1     00007000  _WdRegs                               
1     00007060  _NmiIntruptRegs                       
1     00007070  _XintRegs                             
1     00007200  _SciaRegs                             
1     00007210  _ScibRegs                             
1     00007220  _ScicRegs                             
1     00007230  _ScidRegs                             
1     00007300  _I2caRegs                             
1     00007340  _I2cbRegs                             
1     00007400  _AdcaRegs                             
1     00007480  _AdcbRegs                             
1     00007500  _AdccRegs                             
1     00007580  _AdcdRegs                             
1     00007900  _InputXbarRegs                        
1     00007920  _XbarRegs                             
1     00007940  _SyncSocRegs                          
1     00007980  _DmaClaSrcSelRegs                     
1     00007a00  _EPwmXbarRegs                         
1     00007a40  _ClbXbarRegs                          
1     00007a80  _OutputXbarRegs                       
1     00007c00  _GpioCtrlRegs                         
1     00007f00  _GpioDataRegs                         
1     0000a800  _phaseOffset1                         
1     0000a801  _phaseOffset2                         
1     0000a802  _phaseOffset3                         
1     0000a803  _Abrir                                
1     0000a804  _Cerrar                               
1     0000a805  _rutina                               
1     0000a806  _rk1                                  
1     0000a808  _rk2                                  
1     0000a80a  _rk3                                  
1     0000a80c  _yk1                                  
1     0000a80e  _yk2                                  
1     0000a810  _yk3                                  
1     0000a812  _e1                                   
1     0000a814  _e2                                   
1     0000a816  _e3                                   
1     0000a818  _uk1                                  
1     0000a81a  _uk2                                  
1     0000a81c  _uk3                                  
1     0000a81e  _uz1                                  
1     0000a820  _uz2                                  
1     0000a822  _uz3                                  
1     0000a824  _Period                               
1     0000a826  _Duty1                                
1     0000a828  _Duty2                                
1     0000a82a  _Duty3                                
1     0000a82c  _angulo_1                             
1     0000a82e  _angulo_2                             
1     0000a830  _angulo_3                             
1     0000a832  _aux_yk1                              
1     0000a834  _aux_yk2                              
1     0000a836  _aux_yk3                              
1     0000a838  _aux_rk1                              
1     0000a83a  _aux_rk2                              
1     0000a83c  _aux_rk3                              
1     0000a83e  _corriente_real_con_signo_1           
1     0000a840  _corriente_real_con_signo_2           
1     0000a842  _corriente_real_con_signo_3           
1     0000a844  _pid1                                 
1     0000a860  _pid2                                 
1     0000a880  _pid3                                 
1     0000a89c  _pid4                                 
1     0000a8c0  _pid5                                 
1     0000a8dc  _pid6                                 
1     0000a900  _corriente_medida_1                   
1     0000a901  _corriente_medida_2                   
1     0000a902  _corriente_medida_3                   
1     0000a903  _limite_temperatura_1                 
1     0000a904  _limite_temperatura_2                 
1     0000a905  _limite_temperatura_3                 
1     0000a906  _ref_entrada_1                        
1     0000a907  _ref_entrada_2                        
1     0000a908  _ref_entrada_3                        
1     0000a909  _SP_REF_1                             
1     0000a90a  _SP_REF_2                             
1     0000a90b  _SP_REF_3                             
1     0000a90c  _corriente_real_1                     
1     0000a90e  _corriente_real_2                     
1     0000a910  _corriente_real_3                     
1     0000a912  _Angulo_grados_eje_1                  
1     0000a914  _Angulo_grados_eje_2                  
1     0000a916  _Angulo_grados_eje_3                  
1     0000a918  _aux_POS_1                            
1     0000a91a  _aux_POS_2                            
1     0000a91c  _aux_POS_3                            
1     0000a91e  _Offset_grados_eje_1                  
1     0000a920  _Offset_grados_eje_2                  
1     0000a922  _Offset_grados_eje_3                  
1     0000a940  _qep_posspeed_1                       
1     0000a980  _qep_posspeed_2                       
1     0000a9c0  _qep_posspeed_3                       
1     0000a9e4  _IntToUint                            
1     0000a9e5  _instruccion                          
1     0000a9ee  _FloatToInt                           
1     0000a9f0  _IntToChar                            
1     0000a9f2  _CharToInt                            
1     0000a9f6  _FloatToByte                          
1     0000a9fa  ___TI_enable_exit_profile_output      
1     0000a9fc  ___TI_cleanup_ptr                     
1     0000a9fe  ___TI_dtors_ptr                       
1     0000aa00  _HOME_SW_1                            
1     0000aa01  _HOME_SW_2                            
1     0000aa02  _HOME_SW_3                            
1     0000aa03  _SE_IN_ISR                            
1     0000aa04  _OCP_IN_ISR                           
1     0000aa05  _OTP_IN_ISR                           
1     0000aa06  _TEMP_1                               
1     0000aa07  _TEMP_2                               
1     0000aa08  _TEMP_3                               
1     0000aa09  _CLEAR_OTP                            
1     0000aa0a  _se_ack                               
1     0000aa0b  _ocp_ack                              
1     0000aa0c  _otp_ack                              
1     0000aa0d  _init                                 
1     0000aa0e  _init2                                
1     0000aa0f  _init3                                
1     0000aa10  _doSample                             
1     0000aa12  _doLoop                               
1     0000aa14  _Modo                                 
1     0000aa16  _limitesProteccion                    
1     0000aa1c  _flagsProtecciones                    
1     0000aa3c  __lock                                
1     0000aa3e  __unlock                              
1     0000aa40  _PieVectTableInit                     
1     00047000  _Emif1Regs                            
1     00047800  _Emif2Regs                            
1     00048000  _CanaRegs                             
1     0004a000  _CanbRegs                             
1     00050000  _IpcRegs                              
1     00050024  _FlashPumpSemaphoreRegs               
1     0005d000  _DevCfgRegs                           
1     0005d180  _AnalogSubsysRegs                     
1     0005d200  _ClkCfgRegs                           
1     0005d300  _CpuSysRegs                           
1     0005e608  _RomPrefetchRegs                      
1     0005f000  _DcsmZ1Regs                           
1     0005f040  _DcsmZ2Regs                           
1     0005f070  _DcsmCommonRegs                       
1     0005f400  _MemCfgRegs                           
1     0005f480  _Emif1ConfigRegs                      
1     0005f4a0  _Emif2ConfigRegs                      
1     0005f4c0  _AccessProtectionRegs                 
1     0005f500  _MemoryErrorRegs                      
1     0005f540  _RomWaitStateRegs                     
1     0005f800  _Flash0CtrlRegs                       
1     0005fb00  _Flash0EccRegs                        
abs   00000100  __STACK_SIZE                          
abs   ffffffff  .text                                 
abs   ffffffff  ___TI_pprof_out_hndl                  
abs   ffffffff  ___TI_prof_data_size                  
abs   ffffffff  ___TI_prof_data_start                 
abs   ffffffff  ___binit__                            
abs   ffffffff  ___c_args__                           
abs   ffffffff  ___etext__                            
abs   ffffffff  ___pinit__                            
abs   ffffffff  ___text__                             
abs   ffffffff  binit                                 
abs   ffffffff  etext                                 
abs   ffffffff  pinit                                 

[484 symbols]
