******************************************************************************
             TMS320C2000 Linker PC v22.6.1                     
******************************************************************************
>> Linked Mon Apr 22 17:12:02 2024

OUTPUT FILE NAME:   <blinky_cpu1.out>
ENTRY POINT SYMBOL: "code_start"  address: 00080000


MEMORY CONFIGURATION

         name            origin    length      used     unused   attr    fill
----------------------  --------  ---------  --------  --------  ----  --------
PAGE 0:
  RAMM0                 00000123   000002dd  00000000  000002dd  RWIX
  RAMLS0                00008000   00000800  0000003b  000007c5  RWIX
  RAMLS1                00008800   00000800  00000000  00000800  RWIX
  RAMLS2                00009000   00000800  00000000  00000800  RWIX
  RAMLS3                00009800   00000800  00000000  00000800  RWIX
  RAMLS4                0000a000   00000800  00000000  00000800  RWIX
  RAMD0                 0000b000   00000800  00000000  00000800  RWIX
  RAMGS14               0001a000   00001000  00000000  00001000  RWIX
  RAMGS15               0001b000   00000ff8  00000000  00000ff8  RWIX
  BEGIN                 00080000   00000002  00000002  00000000  RWIX
  FLASHA                00080002   00001ffe  00000000  00001ffe  RWIX
  FLASHB                00082000   00002000  00001ff6  0000000a  RWIX
  FLASHC                00084000   00002000  000005e7  00001a19  RWIX
  FLASHD                00086000   00002000  0000003b  00001fc5  RWIX
  FLASHE                00088000   00008000  00000000  00008000  RWIX
  FLASHF                00090000   00008000  000001c0  00007e40  RWIX
  FLASHG                00098000   00008000  00000000  00008000  RWIX
  FLASHH                000a0000   00008000  00000000  00008000  RWIX
  FLASHI                000a8000   00008000  00000000  00008000  RWIX
  FLASHJ                000b0000   00008000  00000000  00008000  RWIX
  FLASHK                000b8000   00002000  00000000  00002000  RWIX
  FLASHL                000ba000   00002000  00000000  00002000  RWIX
  FLASHM                000bc000   00002000  00000000  00002000  RWIX
  FLASHN                000be000   00001ff0  00000000  00001ff0  RWIX
  RESET                 003fffc0   00000002  00000000  00000002  RWIX

PAGE 1:
  BOOT_RSVD             00000002   00000121  00000000  00000121  RWIX
  RAMM1                 00000400   000003f8  00000100  000002f8  RWIX
  ADCARESULT            00000b00   00000018  00000018  00000000  RWIX
  ADCBRESULT            00000b20   00000018  00000018  00000000  RWIX
  ADCCRESULT            00000b40   00000018  00000018  00000000  RWIX
  ADCDRESULT            00000b60   00000018  00000018  00000000  RWIX
  CPUTIMER0             00000c00   00000008  00000008  00000000  RWIX
  CPUTIMER1             00000c08   00000008  00000008  00000000  RWIX
  CPUTIMER2             00000c10   00000008  00000008  00000000  RWIX
  PIECTRL               00000ce0   0000001a  0000001a  00000000  RWIX
  PIEVECTTABLE          00000d00   00000200  000001c0  00000040  RWIX
  DMA                   00001000   00000200  000000e0  00000120  RWIX
  CLA1                  00001400   00000080  0000003e  00000042  RWIX
  CLB1LOGICCFG          00003000   00000052  0000003e  00000014  RWIX
  CLB1LOGICCTRL         00003100   00000040  00000040  00000000  RWIX
  CLB1DATAEXCH          00003200   00000200  00000108  000000f8  RWIX
  CLB2LOGICCFG          00003400   00000052  0000003e  00000014  RWIX
  CLB2LOGICCTRL         00003500   00000040  00000040  00000000  RWIX
  CLB2DATAEXCH          00003600   00000200  00000108  000000f8  RWIX
  CLB3LOGICCFG          00003800   00000052  0000003e  00000014  RWIX
  CLB3LOGICCTRL         00003900   00000040  00000040  00000000  RWIX
  CLB3DATAEXCH          00003a00   00000200  00000108  000000f8  RWIX
  CLB4LOGICCFG          00003c00   00000052  0000003e  00000014  RWIX
  CLB4LOGICCTRL         00003d00   00000040  00000040  00000000  RWIX
  CLB4DATAEXCH          00003e00   00000200  00000108  000000f8  RWIX
  EPWM1                 00004000   00000100  00000100  00000000  RWIX
  EPWM2                 00004100   00000100  00000100  00000000  RWIX
  EPWM3                 00004200   00000100  00000100  00000000  RWIX
  EPWM4                 00004300   00000100  00000100  00000000  RWIX
  EPWM5                 00004400   00000100  00000100  00000000  RWIX
  EPWM6                 00004500   00000100  00000100  00000000  RWIX
  EPWM7                 00004600   00000100  00000100  00000000  RWIX
  EPWM8                 00004700   00000100  00000100  00000000  RWIX
  EPWM9                 00004800   00000100  00000100  00000000  RWIX
  EPWM10                00004900   00000100  00000100  00000000  RWIX
  EPWM11                00004a00   00000100  00000100  00000000  RWIX
  EPWM12                00004b00   00000100  00000100  00000000  RWIX
  ECAP1                 00005000   00000020  0000001a  00000006  RWIX
  ECAP2                 00005020   00000020  0000001a  00000006  RWIX
  ECAP3                 00005040   00000020  0000001a  00000006  RWIX
  ECAP4                 00005060   00000020  0000001a  00000006  RWIX
  ECAP5                 00005080   00000020  0000001a  00000006  RWIX
  ECAP6                 000050a0   00000020  0000001a  00000006  RWIX
  EQEP1                 00005100   00000022  00000022  00000000  RWIX
  EQEP2                 00005140   00000022  00000022  00000000  RWIX
  EQEP3                 00005180   00000022  00000022  00000000  RWIX
  DACA                  00005c00   00000008  00000007  00000001  RWIX
  DACB                  00005c10   00000008  00000007  00000001  RWIX
  DACC                  00005c20   00000008  00000007  00000001  RWIX
  CMPSS1                00005c80   00000020  0000001b  00000005  RWIX
  CMPSS2                00005ca0   00000020  0000001b  00000005  RWIX
  CMPSS3                00005cc0   00000020  0000001b  00000005  RWIX
  CMPSS4                00005ce0   00000020  0000001b  00000005  RWIX
  CMPSS5                00005d00   00000020  0000001b  00000005  RWIX
  CMPSS6                00005d20   00000020  0000001b  00000005  RWIX
  CMPSS7                00005d40   00000020  0000001b  00000005  RWIX
  CMPSS8                00005d60   00000020  0000001b  00000005  RWIX
  SDFM1                 00005e00   00000080  00000048  00000038  RWIX
  SDFM2                 00005e80   00000080  00000048  00000038  RWIX
  MCBSPA                00006000   00000024  00000024  00000000  RWIX
  MCBSPB                00006040   00000024  00000024  00000000  RWIX
  SPIA                  00006100   00000010  00000010  00000000  RWIX
  SPIB                  00006110   00000010  00000010  00000000  RWIX
  SPIC                  00006120   00000010  00000010  00000000  RWIX
  UPP                   00006200   00000048  00000048  00000000  RWIX
  WD                    00007000   0000002b  0000002b  00000000  RWIX
  NMIINTRUPT            00007060   00000007  00000007  00000000  RWIX
  XINT                  00007070   0000000b  0000000b  00000000  RWIX
  SCIA                  00007200   00000010  00000010  00000000  RWIX
  SCIB                  00007210   00000010  00000010  00000000  RWIX
  SCIC                  00007220   00000010  00000010  00000000  RWIX
  SCID                  00007230   00000010  00000010  00000000  RWIX
  I2CA                  00007300   00000022  00000022  00000000  RWIX
  I2CB                  00007340   00000022  00000022  00000000  RWIX
  ADCA                  00007400   00000080  0000007c  00000004  RWIX
  ADCB                  00007480   00000080  0000007c  00000004  RWIX
  ADCC                  00007500   00000080  0000007c  00000004  RWIX
  ADCD                  00007580   00000080  0000007c  00000004  RWIX
  INPUTXBAR             00007900   00000020  00000020  00000000  RWIX
  XBAR                  00007920   00000020  0000000e  00000012  RWIX
  SYNCSOC               00007940   00000006  00000006  00000000  RWIX
  DMACLASRCSEL          00007980   0000001a  0000001a  00000000  RWIX
  EPWMXBAR              00007a00   00000040  00000040  00000000  RWIX
  CLBXBAR               00007a40   00000040  00000040  00000000  RWIX
  OUTPUTXBAR            00007a80   00000040  00000040  00000000  RWIX
  GPIOCTRL              00007c00   00000180  00000180  00000000  RWIX
  GPIODATA              00007f00   00000030  00000030  00000000  RWIX
  RAMLS5                0000a800   00000800  0000025c  000005a4  RWIX
  RAMD1                 0000b800   00000800  00000000  00000800  RWIX
  RAMGS0                0000c000   00001000  00000000  00001000  RWIX
  RAMGS1                0000d000   00001000  00000000  00001000  RWIX
  RAMGS2                0000e000   00001000  00000000  00001000  RWIX
  RAMGS3                0000f000   00001000  00000000  00001000  RWIX
  RAMGS4                00010000   00001000  00000000  00001000  RWIX
  RAMGS5                00011000   00001000  00000000  00001000  RWIX
  RAMGS6                00012000   00001000  00000000  00001000  RWIX
  RAMGS7                00013000   00001000  00000000  00001000  RWIX
  RAMGS8                00014000   00001000  00000000  00001000  RWIX
  RAMGS9                00015000   00001000  00000000  00001000  RWIX
  RAMGS10               00016000   00001000  00000000  00001000  RWIX
  RAMGS11               00017000   00001000  00000000  00001000  RWIX
  RAMGS12               00018000   00001000  00000000  00001000  RWIX
  RAMGS13               00019000   00001000  00000000  00001000  RWIX
  CPU2TOCPU1RAM         0003f800   00000400  00000000  00000400  RWIX
  CPU1TOCPU2RAM         0003fc00   00000400  00000000  00000400  RWIX
  EMIF1                 00047000   00000070  00000028  00000048  RWIX
  EMIF2                 00047800   00000070  00000028  00000048  RWIX
  CANA                  00048000   00000200  00000164  0000009c  RWIX
  CANB                  0004a000   00000200  00000164  0000009c  RWIX
  IPC                   00050000   00000024  00000024  00000000  RWIX
  FLASHPUMPSEMAPHORE    00050024   00000002  00000002  00000000  RWIX
  DEVCFG                0005d000   0000012e  0000012e  00000000  RWIX
  ANALOGSUBSYS          0005d180   00000048  0000003e  0000000a  RWIX
  CLKCFG                0005d200   00000032  00000032  00000000  RWIX
  CPUSYS                0005d300   00000082  00000082  00000000  RWIX
  ROMPREFETCH           0005e608   00000002  00000002  00000000  RWIX
  DCSMZ1                0005f000   00000024  00000022  00000002  RWIX
  DCSMZ2                0005f040   00000024  00000022  00000002  RWIX
  DCSMCOMMON            0005f070   00000008  00000006  00000002  RWIX
  MEMCFG                0005f400   00000080  00000076  0000000a  RWIX
  EMIF1CONFIG           0005f480   00000020  0000000a  00000016  RWIX
  EMIF2CONFIG           0005f4a0   00000020  0000000a  00000016  RWIX
  ACCESSPROTECTION      0005f4c0   00000040  0000002e  00000012  RWIX
  MEMORYERROR           0005f500   00000040  0000003a  00000006  RWIX
  ROMWAITSTATE          0005f540   00000002  00000002  00000000  RWIX
  FLASH0CTRL            0005f800   00000182  00000182  00000000  RWIX
  FLASH0ECC             0005fb00   00000028  00000028  00000000  RWIX


SECTION ALLOCATION MAP

 output                                  attributes/
section   page    origin      length       input sections
--------  ----  ----------  ----------   ----------------
codestart 
*          0    00080000    00000002     
                  00080000    00000002     F2837xD_CodeStartBranch.obj (codestart)

.cinit     0    00082000    000002ba     
                  00082000    00000154     control.obj (.cinit)
                  00082154    000000ba     muestreo.obj (.cinit)
                  0008220e    00000048     main.obj (.cinit)
                  00082256    00000024     Homming.obj (.cinit)
                  0008227a    00000014     Comunicaciones.obj (.cinit)
                  0008228e    00000012     protecciones.obj (.cinit)
                  000822a0    0000000e     rts2800_fpu32.lib : exit.c.obj (.cinit)
                  000822ae    00000005                       : _lock.c.obj (.cinit:__lock)
                  000822b3    00000005                       : _lock.c.obj (.cinit:__unlock)
                  000822b8    00000002     --HOLE-- [fill = 0]

.switch    0    000822c0    0000001c     
                  000822c0    0000001c     Comunicaciones.obj (.switch:_MEF_Recepcion)

.stack     1    00000400    00000100     UNINITIALIZED
                  00000400    00000100     --HOLE--

.reset     0    003fffc0    00000002     DSECT
                  003fffc0    00000002     rts2800_fpu32.lib : boot28.asm.obj (.reset)

.pinit     0    00082000    00000000     UNINITIALIZED

.TI.ramfunc 
*          0    00086000    0000003b     RUN ADDR = 00008000
                  00086000    00000037     F2837xD_SysCtrl.obj (.TI.ramfunc)
                  00086037    00000004     F2837xD_usDelay.obj (.TI.ramfunc)

GETBUFFER 
*          0    0003f800    00000000     DSECT

GETWRITEIDX 
*          0    0003f800    00000000     DSECT

PUTREADIDX 
*          0    0003f800    00000000     DSECT

.econst    0    00090000    000001c0     
                  00090000    000001c0     F2837xD_PieVect.obj (.econst:_PieVectTableInit)

AdcaResultRegsFile 
*          1    00000b00    00000018     UNINITIALIZED
                  00000b00    00000018     F2837xD_GlobalVariableDefs.obj (AdcaResultRegsFile)

AdcbResultRegsFile 
*          1    00000b20    00000018     UNINITIALIZED
                  00000b20    00000018     F2837xD_GlobalVariableDefs.obj (AdcbResultRegsFile)

AdccResultRegsFile 
*          1    00000b40    00000018     UNINITIALIZED
                  00000b40    00000018     F2837xD_GlobalVariableDefs.obj (AdccResultRegsFile)

AdcdResultRegsFile 
*          1    00000b60    00000018     UNINITIALIZED
                  00000b60    00000018     F2837xD_GlobalVariableDefs.obj (AdcdResultRegsFile)

CpuTimer0RegsFile 
*          1    00000c00    00000008     UNINITIALIZED
                  00000c00    00000008     F2837xD_GlobalVariableDefs.obj (CpuTimer0RegsFile)

CpuTimer1RegsFile 
*          1    00000c08    00000008     UNINITIALIZED
                  00000c08    00000008     F2837xD_GlobalVariableDefs.obj (CpuTimer1RegsFile)

CpuTimer2RegsFile 
*          1    00000c10    00000008     UNINITIALIZED
                  00000c10    00000008     F2837xD_GlobalVariableDefs.obj (CpuTimer2RegsFile)

PieCtrlRegsFile 
*          1    00000ce0    0000001a     UNINITIALIZED
                  00000ce0    0000001a     F2837xD_GlobalVariableDefs.obj (PieCtrlRegsFile)

PieVectTableFile 
*          1    00000d00    000001c0     UNINITIALIZED
                  00000d00    000001c0     F2837xD_GlobalVariableDefs.obj (PieVectTableFile)

EmuKeyVar 
*          1    00000d00    00000000     UNINITIALIZED

EmuBModeVar 
*          1    00000d00    00000000     UNINITIALIZED

EmuBootPinsVar 
*          1    00000d00    00000000     UNINITIALIZED

FlashCallbackVar 
*          1    00000d00    00000000     UNINITIALIZED

FlashScalingVar 
*          1    00000d00    00000000     UNINITIALIZED

DmaRegsFile 
*          1    00001000    000000e0     UNINITIALIZED
                  00001000    000000e0     F2837xD_GlobalVariableDefs.obj (DmaRegsFile)

Cla1RegsFile 
*          1    00001400    0000003e     UNINITIALIZED
                  00001400    0000003e     F2837xD_GlobalVariableDefs.obj (Cla1RegsFile)

Clb1LogicCfgRegsFile 
*          1    00003000    0000003e     UNINITIALIZED
                  00003000    0000003e     F2837xD_GlobalVariableDefs.obj (Clb1LogicCfgRegsFile)

Clb1LogicCtrlRegsFile 
*          1    00003100    00000040     UNINITIALIZED
                  00003100    00000040     F2837xD_GlobalVariableDefs.obj (Clb1LogicCtrlRegsFile)

Clb1DataExchRegsFile 
*          1    00003200    00000108     UNINITIALIZED
                  00003200    00000108     F2837xD_GlobalVariableDefs.obj (Clb1DataExchRegsFile)

Clb2LogicCfgRegsFile 
*          1    00003400    0000003e     UNINITIALIZED
                  00003400    0000003e     F2837xD_GlobalVariableDefs.obj (Clb2LogicCfgRegsFile)

Clb2LogicCtrlRegsFile 
*          1    00003500    00000040     UNINITIALIZED
                  00003500    00000040     F2837xD_GlobalVariableDefs.obj (Clb2LogicCtrlRegsFile)

Clb2DataExchRegsFile 
*          1    00003600    00000108     UNINITIALIZED
                  00003600    00000108     F2837xD_GlobalVariableDefs.obj (Clb2DataExchRegsFile)

Clb3LogicCfgRegsFile 
*          1    00003800    0000003e     UNINITIALIZED
                  00003800    0000003e     F2837xD_GlobalVariableDefs.obj (Clb3LogicCfgRegsFile)

Clb3LogicCtrlRegsFile 
*          1    00003900    00000040     UNINITIALIZED
                  00003900    00000040     F2837xD_GlobalVariableDefs.obj (Clb3LogicCtrlRegsFile)

Clb3DataExchRegsFile 
*          1    00003a00    00000108     UNINITIALIZED
                  00003a00    00000108     F2837xD_GlobalVariableDefs.obj (Clb3DataExchRegsFile)

Clb4LogicCfgRegsFile 
*          1    00003c00    0000003e     UNINITIALIZED
                  00003c00    0000003e     F2837xD_GlobalVariableDefs.obj (Clb4LogicCfgRegsFile)

Clb4LogicCtrlRegsFile 
*          1    00003d00    00000040     UNINITIALIZED
                  00003d00    00000040     F2837xD_GlobalVariableDefs.obj (Clb4LogicCtrlRegsFile)

Clb4DataExchRegsFile 
*          1    00003e00    00000108     UNINITIALIZED
                  00003e00    00000108     F2837xD_GlobalVariableDefs.obj (Clb4DataExchRegsFile)

EPwm1RegsFile 
*          1    00004000    00000100     UNINITIALIZED
                  00004000    00000100     F2837xD_GlobalVariableDefs.obj (EPwm1RegsFile)

EPwm2RegsFile 
*          1    00004100    00000100     UNINITIALIZED
                  00004100    00000100     F2837xD_GlobalVariableDefs.obj (EPwm2RegsFile)

EPwm3RegsFile 
*          1    00004200    00000100     UNINITIALIZED
                  00004200    00000100     F2837xD_GlobalVariableDefs.obj (EPwm3RegsFile)

EPwm4RegsFile 
*          1    00004300    00000100     UNINITIALIZED
                  00004300    00000100     F2837xD_GlobalVariableDefs.obj (EPwm4RegsFile)

EPwm5RegsFile 
*          1    00004400    00000100     UNINITIALIZED
                  00004400    00000100     F2837xD_GlobalVariableDefs.obj (EPwm5RegsFile)

EPwm6RegsFile 
*          1    00004500    00000100     UNINITIALIZED
                  00004500    00000100     F2837xD_GlobalVariableDefs.obj (EPwm6RegsFile)

EPwm7RegsFile 
*          1    00004600    00000100     UNINITIALIZED
                  00004600    00000100     F2837xD_GlobalVariableDefs.obj (EPwm7RegsFile)

EPwm8RegsFile 
*          1    00004700    00000100     UNINITIALIZED
                  00004700    00000100     F2837xD_GlobalVariableDefs.obj (EPwm8RegsFile)

EPwm9RegsFile 
*          1    00004800    00000100     UNINITIALIZED
                  00004800    00000100     F2837xD_GlobalVariableDefs.obj (EPwm9RegsFile)

EPwm10RegsFile 
*          1    00004900    00000100     UNINITIALIZED
                  00004900    00000100     F2837xD_GlobalVariableDefs.obj (EPwm10RegsFile)

EPwm11RegsFile 
*          1    00004a00    00000100     UNINITIALIZED
                  00004a00    00000100     F2837xD_GlobalVariableDefs.obj (EPwm11RegsFile)

EPwm12RegsFile 
*          1    00004b00    00000100     UNINITIALIZED
                  00004b00    00000100     F2837xD_GlobalVariableDefs.obj (EPwm12RegsFile)

ECap1RegsFile 
*          1    00005000    0000001a     UNINITIALIZED
                  00005000    0000001a     F2837xD_GlobalVariableDefs.obj (ECap1RegsFile)

ECap2RegsFile 
*          1    00005020    0000001a     UNINITIALIZED
                  00005020    0000001a     F2837xD_GlobalVariableDefs.obj (ECap2RegsFile)

ECap3RegsFile 
*          1    00005040    0000001a     UNINITIALIZED
                  00005040    0000001a     F2837xD_GlobalVariableDefs.obj (ECap3RegsFile)

ECap4RegsFile 
*          1    00005060    0000001a     UNINITIALIZED
                  00005060    0000001a     F2837xD_GlobalVariableDefs.obj (ECap4RegsFile)

ECap5RegsFile 
*          1    00005080    0000001a     UNINITIALIZED
                  00005080    0000001a     F2837xD_GlobalVariableDefs.obj (ECap5RegsFile)

ECap6RegsFile 
*          1    000050a0    0000001a     UNINITIALIZED
                  000050a0    0000001a     F2837xD_GlobalVariableDefs.obj (ECap6RegsFile)

EQep1RegsFile 
*          1    00005100    00000022     UNINITIALIZED
                  00005100    00000022     F2837xD_GlobalVariableDefs.obj (EQep1RegsFile)

EQep2RegsFile 
*          1    00005140    00000022     UNINITIALIZED
                  00005140    00000022     F2837xD_GlobalVariableDefs.obj (EQep2RegsFile)

EQep3RegsFile 
*          1    00005180    00000022     UNINITIALIZED
                  00005180    00000022     F2837xD_GlobalVariableDefs.obj (EQep3RegsFile)

DacaRegsFile 
*          1    00005c00    00000007     UNINITIALIZED
                  00005c00    00000007     F2837xD_GlobalVariableDefs.obj (DacaRegsFile)

DacbRegsFile 
*          1    00005c10    00000007     UNINITIALIZED
                  00005c10    00000007     F2837xD_GlobalVariableDefs.obj (DacbRegsFile)

DaccRegsFile 
*          1    00005c20    00000007     UNINITIALIZED
                  00005c20    00000007     F2837xD_GlobalVariableDefs.obj (DaccRegsFile)

Cmpss1RegsFile 
*          1    00005c80    0000001b     UNINITIALIZED
                  00005c80    0000001b     F2837xD_GlobalVariableDefs.obj (Cmpss1RegsFile)

Cmpss2RegsFile 
*          1    00005ca0    0000001b     UNINITIALIZED
                  00005ca0    0000001b     F2837xD_GlobalVariableDefs.obj (Cmpss2RegsFile)

Cmpss3RegsFile 
*          1    00005cc0    0000001b     UNINITIALIZED
                  00005cc0    0000001b     F2837xD_GlobalVariableDefs.obj (Cmpss3RegsFile)

Cmpss4RegsFile 
*          1    00005ce0    0000001b     UNINITIALIZED
                  00005ce0    0000001b     F2837xD_GlobalVariableDefs.obj (Cmpss4RegsFile)

Cmpss5RegsFile 
*          1    00005d00    0000001b     UNINITIALIZED
                  00005d00    0000001b     F2837xD_GlobalVariableDefs.obj (Cmpss5RegsFile)

Cmpss6RegsFile 
*          1    00005d20    0000001b     UNINITIALIZED
                  00005d20    0000001b     F2837xD_GlobalVariableDefs.obj (Cmpss6RegsFile)

Cmpss7RegsFile 
*          1    00005d40    0000001b     UNINITIALIZED
                  00005d40    0000001b     F2837xD_GlobalVariableDefs.obj (Cmpss7RegsFile)

Cmpss8RegsFile 
*          1    00005d60    0000001b     UNINITIALIZED
                  00005d60    0000001b     F2837xD_GlobalVariableDefs.obj (Cmpss8RegsFile)

Sdfm1RegsFile 
*          1    00005e00    00000048     UNINITIALIZED
                  00005e00    00000048     F2837xD_GlobalVariableDefs.obj (Sdfm1RegsFile)

Sdfm2RegsFile 
*          1    00005e80    00000048     UNINITIALIZED
                  00005e80    00000048     F2837xD_GlobalVariableDefs.obj (Sdfm2RegsFile)

McbspaRegsFile 
*          1    00006000    00000024     UNINITIALIZED
                  00006000    00000024     F2837xD_GlobalVariableDefs.obj (McbspaRegsFile)

McbspbRegsFile 
*          1    00006040    00000024     UNINITIALIZED
                  00006040    00000024     F2837xD_GlobalVariableDefs.obj (McbspbRegsFile)

SpiaRegsFile 
*          1    00006100    00000010     UNINITIALIZED
                  00006100    00000010     F2837xD_GlobalVariableDefs.obj (SpiaRegsFile)

SpibRegsFile 
*          1    00006110    00000010     UNINITIALIZED
                  00006110    00000010     F2837xD_GlobalVariableDefs.obj (SpibRegsFile)

SpicRegsFile 
*          1    00006120    00000010     UNINITIALIZED
                  00006120    00000010     F2837xD_GlobalVariableDefs.obj (SpicRegsFile)

UppRegsFile 
*          1    00006200    00000048     UNINITIALIZED
                  00006200    00000048     F2837xD_GlobalVariableDefs.obj (UppRegsFile)

WdRegsFile 
*          1    00007000    0000002b     UNINITIALIZED
                  00007000    0000002b     F2837xD_GlobalVariableDefs.obj (WdRegsFile)

NmiIntruptRegsFile 
*          1    00007060    00000007     UNINITIALIZED
                  00007060    00000007     F2837xD_GlobalVariableDefs.obj (NmiIntruptRegsFile)

XintRegsFile 
*          1    00007070    0000000b     UNINITIALIZED
                  00007070    0000000b     F2837xD_GlobalVariableDefs.obj (XintRegsFile)

SciaRegsFile 
*          1    00007200    00000010     UNINITIALIZED
                  00007200    00000010     F2837xD_GlobalVariableDefs.obj (SciaRegsFile)

ScibRegsFile 
*          1    00007210    00000010     UNINITIALIZED
                  00007210    00000010     F2837xD_GlobalVariableDefs.obj (ScibRegsFile)

ScicRegsFile 
*          1    00007220    00000010     UNINITIALIZED
                  00007220    00000010     F2837xD_GlobalVariableDefs.obj (ScicRegsFile)

ScidRegsFile 
*          1    00007230    00000010     UNINITIALIZED
                  00007230    00000010     F2837xD_GlobalVariableDefs.obj (ScidRegsFile)

I2caRegsFile 
*          1    00007300    00000022     UNINITIALIZED
                  00007300    00000022     F2837xD_GlobalVariableDefs.obj (I2caRegsFile)

I2cbRegsFile 
*          1    00007340    00000022     UNINITIALIZED
                  00007340    00000022     F2837xD_GlobalVariableDefs.obj (I2cbRegsFile)

AdcaRegsFile 
*          1    00007400    0000007c     UNINITIALIZED
                  00007400    0000007c     F2837xD_GlobalVariableDefs.obj (AdcaRegsFile)

AdcbRegsFile 
*          1    00007480    0000007c     UNINITIALIZED
                  00007480    0000007c     F2837xD_GlobalVariableDefs.obj (AdcbRegsFile)

AdccRegsFile 
*          1    00007500    0000007c     UNINITIALIZED
                  00007500    0000007c     F2837xD_GlobalVariableDefs.obj (AdccRegsFile)

AdcdRegsFile 
*          1    00007580    0000007c     UNINITIALIZED
                  00007580    0000007c     F2837xD_GlobalVariableDefs.obj (AdcdRegsFile)

InputXbarRegsFile 
*          1    00007900    00000020     UNINITIALIZED
                  00007900    00000020     F2837xD_GlobalVariableDefs.obj (InputXbarRegsFile)

XbarRegsFile 
*          1    00007920    0000000e     UNINITIALIZED
                  00007920    0000000e     F2837xD_GlobalVariableDefs.obj (XbarRegsFile)

SyncSocRegsFile 
*          1    00007940    00000006     UNINITIALIZED
                  00007940    00000006     F2837xD_GlobalVariableDefs.obj (SyncSocRegsFile)

DmaClaSrcSelRegsFile 
*          1    00007980    0000001a     UNINITIALIZED
                  00007980    0000001a     F2837xD_GlobalVariableDefs.obj (DmaClaSrcSelRegsFile)

EPwmXbarRegsFile 
*          1    00007a00    00000040     UNINITIALIZED
                  00007a00    00000040     F2837xD_GlobalVariableDefs.obj (EPwmXbarRegsFile)

ClbXbarRegsFile 
*          1    00007a40    00000040     UNINITIALIZED
                  00007a40    00000040     F2837xD_GlobalVariableDefs.obj (ClbXbarRegsFile)

OutputXbarRegsFile 
*          1    00007a80    00000040     UNINITIALIZED
                  00007a80    00000040     F2837xD_GlobalVariableDefs.obj (OutputXbarRegsFile)

GpioCtrlRegsFile 
*          1    00007c00    00000180     UNINITIALIZED
                  00007c00    00000180     F2837xD_GlobalVariableDefs.obj (GpioCtrlRegsFile)

GpioDataRegsFile 
*          1    00007f00    00000030     UNINITIALIZED
                  00007f00    00000030     F2837xD_GlobalVariableDefs.obj (GpioDataRegsFile)

Emif1RegsFile 
*          1    00047000    00000028     UNINITIALIZED
                  00047000    00000028     F2837xD_GlobalVariableDefs.obj (Emif1RegsFile)

Emif2RegsFile 
*          1    00047800    00000028     UNINITIALIZED
                  00047800    00000028     F2837xD_GlobalVariableDefs.obj (Emif2RegsFile)

CanaRegsFile 
*          1    00048000    00000164     UNINITIALIZED
                  00048000    00000164     F2837xD_GlobalVariableDefs.obj (CanaRegsFile)

CanbRegsFile 
*          1    0004a000    00000164     UNINITIALIZED
                  0004a000    00000164     F2837xD_GlobalVariableDefs.obj (CanbRegsFile)

IpcRegsFile 
*          1    00050000    00000024     UNINITIALIZED
                  00050000    00000024     F2837xD_GlobalVariableDefs.obj (IpcRegsFile)

FlashPumpSemaphoreRegsFile 
*          1    00050024    00000002     UNINITIALIZED
                  00050024    00000002     F2837xD_GlobalVariableDefs.obj (FlashPumpSemaphoreRegsFile)

DevCfgRegsFile 
*          1    0005d000    0000012e     UNINITIALIZED
                  0005d000    0000012e     F2837xD_GlobalVariableDefs.obj (DevCfgRegsFile)

AnalogSubsysRegsFile 
*          1    0005d180    0000003e     UNINITIALIZED
                  0005d180    0000003e     F2837xD_GlobalVariableDefs.obj (AnalogSubsysRegsFile)

ClkCfgRegsFile 
*          1    0005d200    00000032     UNINITIALIZED
                  0005d200    00000032     F2837xD_GlobalVariableDefs.obj (ClkCfgRegsFile)

CpuSysRegsFile 
*          1    0005d300    00000082     UNINITIALIZED
                  0005d300    00000082     F2837xD_GlobalVariableDefs.obj (CpuSysRegsFile)

DcsmZ1RegsFile 
*          1    0005f000    00000022     UNINITIALIZED
                  0005f000    00000022     F2837xD_GlobalVariableDefs.obj (DcsmZ1RegsFile)

DcsmZ2RegsFile 
*          1    0005f040    00000022     UNINITIALIZED
                  0005f040    00000022     F2837xD_GlobalVariableDefs.obj (DcsmZ2RegsFile)

DcsmCommonRegsFile 
*          1    0005f070    00000006     UNINITIALIZED
                  0005f070    00000006     F2837xD_GlobalVariableDefs.obj (DcsmCommonRegsFile)

MemCfgRegsFile 
*          1    0005f400    00000076     UNINITIALIZED
                  0005f400    00000076     F2837xD_GlobalVariableDefs.obj (MemCfgRegsFile)

Emif1ConfigRegsFile 
*          1    0005f480    0000000a     UNINITIALIZED
                  0005f480    0000000a     F2837xD_GlobalVariableDefs.obj (Emif1ConfigRegsFile)

Emif2ConfigRegsFile 
*          1    0005f4a0    0000000a     UNINITIALIZED
                  0005f4a0    0000000a     F2837xD_GlobalVariableDefs.obj (Emif2ConfigRegsFile)

AccessProtectionRegsFile 
*          1    0005f4c0    0000002e     UNINITIALIZED
                  0005f4c0    0000002e     F2837xD_GlobalVariableDefs.obj (AccessProtectionRegsFile)

MemoryErrorRegsFile 
*          1    0005f500    0000003a     UNINITIALIZED
                  0005f500    0000003a     F2837xD_GlobalVariableDefs.obj (MemoryErrorRegsFile)

Flash0CtrlRegsFile 
*          1    0005f800    00000182     UNINITIALIZED
                  0005f800    00000182     F2837xD_GlobalVariableDefs.obj (Flash0CtrlRegsFile)

Flash0EccRegsFile 
*          1    0005fb00    00000028     UNINITIALIZED
                  0005fb00    00000028     F2837xD_GlobalVariableDefs.obj (Flash0EccRegsFile)

RomPrefetchRegsFile 
*          1    0005e608    00000002     UNINITIALIZED
                  0005e608    00000002     F2837xD_GlobalVariableDefs.obj (RomPrefetchRegsFile)

RomWaitStateRegsFile 
*          1    0005f540    00000002     UNINITIALIZED
                  0005f540    00000002     F2837xD_GlobalVariableDefs.obj (RomWaitStateRegsFile)

.text.1    0    000822e0    00001d20     
                  000822e0    00000585     F2837xD_DefaultISR.obj (.text:retain)
                  00082865    000004b4     F2837xD_SysCtrl.obj (.text)
                  00082d19    000004ae     eQEP_motor_1_2_3.obj (.text)
                  000831c7    000003ba     Comunicaciones.obj (.text)
                  00083581    00000244     F2837xD_Gpio.obj (.text)
                  000837c5    000001fa     Homming.obj (.text)
                  000839bf    000001a5     control.obj (.text)
                  00083b64    00000172     main.obj (.text)
                  00083cd6    00000113     SetParametrosPID.obj (.text)
                  00083de9    000000fd     F2837xD_EPwm.obj (.text)
                  00083ee6    000000ee     muestreo.obj (.text)
                  00083fd4    00000029     rts2800_fpu32.lib : exit.c.obj (.text)
                  00083ffd    00000002                       : pre_init.c.obj (.text)
                  00083fff    00000001                       : startup.c.obj (.text)

.text.2    0    00084000    000005e7     
                  00084000    000000e1     main.obj (.text:retain)
                  000840e1    000000b6     init_PWM_motor_1_2_3.obj (.text)
                  00084197    000000b1     adc_motor_1_2_3.obj (.text)
                  00084248    000000ac     Entradas_Salidas.obj (.text)
                  000842f4    00000088     rts2800_fpu32.lib : fs_div28.asm.obj (.text)
                  0008437c    0000007e     protecciones.obj (.text)
                  000843fa    00000060     F2837xD_EQep.obj (.text)
                  0008445a    00000056     rts2800_fpu32.lib : boot28.asm.obj (.text)
                  000844b0    00000030     Example_EPwmSetup.obj (.text)
                  000844e0    00000028     F2837xD_PieCtrl.obj (.text)
                  00084508    00000026     F2837xD_PieVect.obj (.text)
                  0008452e    00000024     rts2800_fpu32.lib : cpy_tbl.c.obj (.text)
                  00084552    0000001f     seteo_salidas.obj (.text)
                  00084571    0000001e     rts2800_fpu32.lib : ll_cmp28.asm.obj (.text)
                  0008458f    0000001d                       : memcpy.c.obj (.text)
                  000845ac    00000018                       : ll_aox28.asm.obj (.text)
                  000845c4    00000012                       : args_main.c.obj (.text)
                  000845d6    00000009                       : _lock.c.obj (.text)
                  000845df    00000008     F2837xD_CodeStartBranch.obj (.text)

.ebss      1    0000a800    0000025c     UNINITIALIZED
                  0000a800    0000011c     control.obj (.ebss)
                  0000a91c    00000018     main.obj (.ebss)
                  0000a934    0000000c     protecciones.obj (.ebss)
                  0000a940    000000e4     muestreo.obj (.ebss)
                  0000aa24    00000014     Comunicaciones.obj (.ebss)
                  0000aa38    00000006     rts2800_fpu32.lib : exit.c.obj (.ebss)
                  0000aa3e    00000002                       : _lock.c.obj (.ebss:__lock)
                  0000aa40    00000009     Homming.obj (.ebss)
                  0000aa49    00000004     Comunicaciones.obj (.ebss:_bytes_transm$4)
                  0000aa4d    00000004     Comunicaciones.obj (.ebss:_transmision1)
                  0000aa51    00000004     Comunicaciones.obj (.ebss:_transmision2)
                  0000aa55    00000004     Comunicaciones.obj (.ebss:_transmision3)
                  0000aa59    00000001     --HOLE--
                  0000aa5a    00000002     rts2800_fpu32.lib : _lock.c.obj (.ebss:__unlock)

MODULE SUMMARY

       Module                           code   initialized data   uninitialized data
       ------                           ----   ----------------   ------------------
    .\
       eQEP_motor_1_2_3.obj             1198   0                  0                 
       control.obj                      421    340                284               
       Comunicaciones.obj               954    48                 36                
       main.obj                         595    72                 24                
       muestreo.obj                     238    186                228               
       Homming.obj                      506    36                 9                 
       SetParametrosPID.obj             275    0                  0                 
       init_PWM_motor_1_2_3.obj         182    0                  0                 
       adc_motor_1_2_3.obj              177    0                  0                 
       Entradas_Salidas.obj             172    0                  0                 
       protecciones.obj                 126    18                 12                
       Example_EPwmSetup.obj            48     0                  0                 
       seteo_salidas.obj                31     0                  0                 
    +--+--------------------------------+------+------------------+--------------------+
       Total:                           4923   700                593               
                                                                                    
    .\device\
       F2837xD_GlobalVariableDefs.obj   0      0                  9854              
       F2837xD_DefaultISR.obj           1413   0                  0                 
       F2837xD_SysCtrl.obj              1314   0                  0                 
       F2837xD_Gpio.obj                 580    0                  0                 
       F2837xD_PieVect.obj              38     448                0                 
       F2837xD_EPwm.obj                 253    0                  0                 
       F2837xD_EQep.obj                 96     0                  0                 
       F2837xD_PieCtrl.obj              40     0                  0                 
       F2837xD_CodeStartBranch.obj      10     0                  0                 
       F2837xD_usDelay.obj              8      0                  0                 
    +--+--------------------------------+------+------------------+--------------------+
       Total:                           3752   448                9854              
                                                                                    
    C:/ti/ccs1250/ccs/tools/compiler/ti-cgt-c2000_22.6.1.LTS/lib/rts2800_fpu32.lib
       fs_div28.asm.obj                 136    0                  0                 
       boot28.asm.obj                   86     0                  0                 
       exit.c.obj                       41     14                 6                 
       cpy_tbl.c.obj                    36     0                  0                 
       ll_cmp28.asm.obj                 30     0                  0                 
       memcpy.c.obj                     29     0                  0                 
       ll_aox28.asm.obj                 24     0                  0                 
       _lock.c.obj                      9      10                 4                 
       args_main.c.obj                  18     0                  0                 
       pre_init.c.obj                   2      0                  0                 
       startup.c.obj                    1      0                  0                 
    +--+--------------------------------+------+------------------+--------------------+
       Total:                           412    24                 10                
                                                                                    
       Stack:                           0      0                  256               
    +--+--------------------------------+------+------------------+--------------------+
       Grand Total:                     9087   1172               10713             


GLOBAL DATA SYMBOLS: SORTED BY DATA PAGE

address     data page           name
--------    ----------------    ----
00000400      10 (00000400)     __stack

00000b00      2c (00000b00)     _AdcaResultRegs
00000b20      2c (00000b00)     _AdcbResultRegs

00000b40      2d (00000b40)     _AdccResultRegs
00000b60      2d (00000b40)     _AdcdResultRegs

00000c00      30 (00000c00)     _CpuTimer0Regs
00000c08      30 (00000c00)     _CpuTimer1Regs
00000c10      30 (00000c00)     _CpuTimer2Regs

00000ce0      33 (00000cc0)     _PieCtrlRegs

00000d00      34 (00000d00)     _PieVectTable

00001000      40 (00001000)     _DmaRegs

00001400      50 (00001400)     _Cla1Regs

00003000      c0 (00003000)     _Clb1LogicCfgRegs

00003100      c4 (00003100)     _Clb1LogicCtrlRegs

00003200      c8 (00003200)     _Clb1DataExchRegs

00003400      d0 (00003400)     _Clb2LogicCfgRegs

00003500      d4 (00003500)     _Clb2LogicCtrlRegs

00003600      d8 (00003600)     _Clb2DataExchRegs

00003800      e0 (00003800)     _Clb3LogicCfgRegs

00003900      e4 (00003900)     _Clb3LogicCtrlRegs

00003a00      e8 (00003a00)     _Clb3DataExchRegs

00003c00      f0 (00003c00)     _Clb4LogicCfgRegs

00003d00      f4 (00003d00)     _Clb4LogicCtrlRegs

00003e00      f8 (00003e00)     _Clb4DataExchRegs

00004000     100 (00004000)     _EPwm1Regs

00004100     104 (00004100)     _EPwm2Regs

00004200     108 (00004200)     _EPwm3Regs

00004300     10c (00004300)     _EPwm4Regs

00004400     110 (00004400)     _EPwm5Regs

00004500     114 (00004500)     _EPwm6Regs

00004600     118 (00004600)     _EPwm7Regs

00004700     11c (00004700)     _EPwm8Regs

00004800     120 (00004800)     _EPwm9Regs

00004900     124 (00004900)     _EPwm10Regs

00004a00     128 (00004a00)     _EPwm11Regs

00004b00     12c (00004b00)     _EPwm12Regs

00005000     140 (00005000)     _ECap1Regs
00005020     140 (00005000)     _ECap2Regs

00005040     141 (00005040)     _ECap3Regs
00005060     141 (00005040)     _ECap4Regs

00005080     142 (00005080)     _ECap5Regs
000050a0     142 (00005080)     _ECap6Regs

00005100     144 (00005100)     _EQep1Regs

00005140     145 (00005140)     _EQep2Regs

00005180     146 (00005180)     _EQep3Regs

00005c00     170 (00005c00)     _DacaRegs
00005c10     170 (00005c00)     _DacbRegs
00005c20     170 (00005c00)     _DaccRegs

00005c80     172 (00005c80)     _Cmpss1Regs
00005ca0     172 (00005c80)     _Cmpss2Regs

00005cc0     173 (00005cc0)     _Cmpss3Regs
00005ce0     173 (00005cc0)     _Cmpss4Regs

00005d00     174 (00005d00)     _Cmpss5Regs
00005d20     174 (00005d00)     _Cmpss6Regs

00005d40     175 (00005d40)     _Cmpss7Regs
00005d60     175 (00005d40)     _Cmpss8Regs

00005e00     178 (00005e00)     _Sdfm1Regs

00005e80     17a (00005e80)     _Sdfm2Regs

00006000     180 (00006000)     _McbspaRegs

00006040     181 (00006040)     _McbspbRegs

00006100     184 (00006100)     _SpiaRegs
00006110     184 (00006100)     _SpibRegs
00006120     184 (00006100)     _SpicRegs

00006200     188 (00006200)     _UppRegs

00007000     1c0 (00007000)     _WdRegs

00007060     1c1 (00007040)     _NmiIntruptRegs
00007070     1c1 (00007040)     _XintRegs

00007200     1c8 (00007200)     _SciaRegs
00007210     1c8 (00007200)     _ScibRegs
00007220     1c8 (00007200)     _ScicRegs
00007230     1c8 (00007200)     _ScidRegs

00007300     1cc (00007300)     _I2caRegs

00007340     1cd (00007340)     _I2cbRegs

00007400     1d0 (00007400)     _AdcaRegs

00007480     1d2 (00007480)     _AdcbRegs

00007500     1d4 (00007500)     _AdccRegs

00007580     1d6 (00007580)     _AdcdRegs

00007900     1e4 (00007900)     _InputXbarRegs
00007920     1e4 (00007900)     _XbarRegs

00007940     1e5 (00007940)     _SyncSocRegs

00007980     1e6 (00007980)     _DmaClaSrcSelRegs

00007a00     1e8 (00007a00)     _EPwmXbarRegs

00007a40     1e9 (00007a40)     _ClbXbarRegs

00007a80     1ea (00007a80)     _OutputXbarRegs

00007c00     1f0 (00007c00)     _GpioCtrlRegs

00007f00     1fc (00007f00)     _GpioDataRegs

0000a800     2a0 (0000a800)     _phaseOffset1
0000a801     2a0 (0000a800)     _phaseOffset2
0000a802     2a0 (0000a800)     _phaseOffset3
0000a803     2a0 (0000a800)     _Abrir
0000a804     2a0 (0000a800)     _Cerrar
0000a805     2a0 (0000a800)     _rutina
0000a806     2a0 (0000a800)     _rk1
0000a808     2a0 (0000a800)     _rk2
0000a80a     2a0 (0000a800)     _rk3
0000a80c     2a0 (0000a800)     _yk1
0000a80e     2a0 (0000a800)     _yk2
0000a810     2a0 (0000a800)     _yk3
0000a812     2a0 (0000a800)     _e1
0000a814     2a0 (0000a800)     _e2
0000a816     2a0 (0000a800)     _e3
0000a818     2a0 (0000a800)     _uk1
0000a81a     2a0 (0000a800)     _uk2
0000a81c     2a0 (0000a800)     _uk3
0000a81e     2a0 (0000a800)     _uz1
0000a820     2a0 (0000a800)     _uz2
0000a822     2a0 (0000a800)     _uz3
0000a824     2a0 (0000a800)     _Period
0000a826     2a0 (0000a800)     _Duty1
0000a828     2a0 (0000a800)     _Duty2
0000a82a     2a0 (0000a800)     _Duty3
0000a82c     2a0 (0000a800)     _angulo_1
0000a82e     2a0 (0000a800)     _angulo_2
0000a830     2a0 (0000a800)     _angulo_3
0000a832     2a0 (0000a800)     _aux_yk1
0000a834     2a0 (0000a800)     _aux_yk2
0000a836     2a0 (0000a800)     _aux_yk3
0000a838     2a0 (0000a800)     _aux_rk1
0000a83a     2a0 (0000a800)     _aux_rk2
0000a83c     2a0 (0000a800)     _aux_rk3
0000a83e     2a0 (0000a800)     _corriente_real_con_signo_1

0000a840     2a1 (0000a840)     _corriente_real_con_signo_2
0000a842     2a1 (0000a840)     _corriente_real_con_signo_3
0000a844     2a1 (0000a840)     _Naxis1
0000a846     2a1 (0000a840)     _Naxis2
0000a848     2a1 (0000a840)     _Naxis3
0000a84a     2a1 (0000a840)     _pid1

0000a880     2a2 (0000a880)     _pid2
0000a89c     2a2 (0000a880)     _pid3

0000a8c0     2a3 (0000a8c0)     _pid4
0000a8dc     2a3 (0000a8c0)     _pid5

0000a900     2a4 (0000a900)     _pid6
0000a91c     2a4 (0000a900)     _HOME_SW_1
0000a91d     2a4 (0000a900)     _HOME_SW_2
0000a91e     2a4 (0000a900)     _HOME_SW_3
0000a91f     2a4 (0000a900)     _SE_IN_ISR
0000a920     2a4 (0000a900)     _OCP_IN_ISR
0000a921     2a4 (0000a900)     _OTP_IN_ISR
0000a922     2a4 (0000a900)     _TEMP_1
0000a923     2a4 (0000a900)     _TEMP_2
0000a924     2a4 (0000a900)     _TEMP_3
0000a925     2a4 (0000a900)     _CLEAR_OTP
0000a926     2a4 (0000a900)     _se_ack
0000a927     2a4 (0000a900)     _ocp_ack
0000a928     2a4 (0000a900)     _otp_ack
0000a929     2a4 (0000a900)     _init
0000a92a     2a4 (0000a900)     _init2
0000a92b     2a4 (0000a900)     _init3
0000a92c     2a4 (0000a900)     _doSample
0000a92e     2a4 (0000a900)     _doLoop
0000a930     2a4 (0000a900)     _Modo
0000a932     2a4 (0000a900)     _count
0000a934     2a4 (0000a900)     _limitesProteccion
0000a93a     2a4 (0000a900)     _flagsProtecciones

0000a940     2a5 (0000a940)     _corriente_medida_1
0000a941     2a5 (0000a940)     _corriente_medida_2
0000a942     2a5 (0000a940)     _corriente_medida_3
0000a943     2a5 (0000a940)     _limite_temperatura_1
0000a944     2a5 (0000a940)     _limite_temperatura_2
0000a945     2a5 (0000a940)     _limite_temperatura_3
0000a946     2a5 (0000a940)     _ref_entrada_1
0000a947     2a5 (0000a940)     _ref_entrada_2
0000a948     2a5 (0000a940)     _ref_entrada_3
0000a949     2a5 (0000a940)     _SP_REF_1
0000a94a     2a5 (0000a940)     _SP_REF_2
0000a94b     2a5 (0000a940)     _SP_REF_3
0000a94c     2a5 (0000a940)     _corriente_real_1
0000a94e     2a5 (0000a940)     _corriente_real_2
0000a950     2a5 (0000a940)     _corriente_real_3
0000a952     2a5 (0000a940)     _Angulo_grados_eje_1
0000a954     2a5 (0000a940)     _Angulo_grados_eje_2
0000a956     2a5 (0000a940)     _Angulo_grados_eje_3
0000a958     2a5 (0000a940)     _aux_POS_1
0000a95a     2a5 (0000a940)     _aux_POS_2
0000a95c     2a5 (0000a940)     _aux_POS_3
0000a95e     2a5 (0000a940)     _Offset_grados_eje_1
0000a960     2a5 (0000a940)     _Offset_grados_eje_2
0000a962     2a5 (0000a940)     _Offset_grados_eje_3

0000a980     2a6 (0000a980)     _qep_posspeed_1

0000a9c0     2a7 (0000a9c0)     _qep_posspeed_2

0000aa00     2a8 (0000aa00)     _qep_posspeed_3
0000aa24     2a8 (0000aa00)     _IntToUint
0000aa25     2a8 (0000aa00)     _transmision
0000aa26     2a8 (0000aa00)     _instruccion
0000aa2c     2a8 (0000aa00)     _FloatToInt
0000aa2e     2a8 (0000aa00)     _IntToChar
0000aa30     2a8 (0000aa00)     _CharToInt
0000aa32     2a8 (0000aa00)     _ret
0000aa34     2a8 (0000aa00)     _FloatToByte
0000aa38     2a8 (0000aa00)     ___TI_enable_exit_profile_output
0000aa3a     2a8 (0000aa00)     ___TI_cleanup_ptr
0000aa3c     2a8 (0000aa00)     ___TI_dtors_ptr
0000aa3e     2a8 (0000aa00)     __lock

0000aa4d     2a9 (0000aa40)     _transmision1
0000aa51     2a9 (0000aa40)     _transmision2
0000aa55     2a9 (0000aa40)     _transmision3
0000aa5a     2a9 (0000aa40)     __unlock

00047000    11c0 (00047000)     _Emif1Regs

00047800    11e0 (00047800)     _Emif2Regs

00048000    1200 (00048000)     _CanaRegs

0004a000    1280 (0004a000)     _CanbRegs

00050000    1400 (00050000)     _IpcRegs
00050024    1400 (00050000)     _FlashPumpSemaphoreRegs

0005d000    1740 (0005d000)     _DevCfgRegs

0005d180    1746 (0005d180)     _AnalogSubsysRegs

0005d200    1748 (0005d200)     _ClkCfgRegs

0005d300    174c (0005d300)     _CpuSysRegs

0005e608    1798 (0005e600)     _RomPrefetchRegs

0005f000    17c0 (0005f000)     _DcsmZ1Regs

0005f040    17c1 (0005f040)     _DcsmZ2Regs
0005f070    17c1 (0005f040)     _DcsmCommonRegs

0005f400    17d0 (0005f400)     _MemCfgRegs

0005f480    17d2 (0005f480)     _Emif1ConfigRegs
0005f4a0    17d2 (0005f480)     _Emif2ConfigRegs

0005f4c0    17d3 (0005f4c0)     _AccessProtectionRegs

0005f500    17d4 (0005f500)     _MemoryErrorRegs

0005f540    17d5 (0005f540)     _RomWaitStateRegs

0005f800    17e0 (0005f800)     _Flash0CtrlRegs

0005fb00    17ec (0005fb00)     _Flash0EccRegs

00090000    2400 (00090000)     _PieVectTableInit


GLOBAL SYMBOLS: SORTED ALPHABETICALLY BY Name 

page  address   name                                  
----  -------   ----                                  
abs   ffffffff  .text                                 
0     00083fd4  C$$EXIT                               
0     000842f4  FS$$DIV                               
0     000845ac  LL$$AND                               
0     00084571  LL$$CMP                               
0     000845b4  LL$$OR                                
0     000845bc  LL$$XOR                               
0     00084583  ULL$$CMP                              
0     0008239e  _ADCA1_ISR                            
0     0008261e  _ADCA2_ISR                            
0     00082628  _ADCA3_ISR                            
0     00082632  _ADCA4_ISR                            
0     00082614  _ADCA_EVT_ISR                         
0     000823a8  _ADCB1_ISR                            
0     00082646  _ADCB2_ISR                            
0     00082650  _ADCB3_ISR                            
0     0008265a  _ADCB4_ISR                            
0     0008263c  _ADCB_EVT_ISR                         
0     000823b2  _ADCC1_ISR                            
0     000827ae  _ADCC2_ISR                            
0     000827b8  _ADCC3_ISR                            
0     000827c2  _ADCC4_ISR                            
0     000827a4  _ADCC_EVT_ISR                         
0     000823d0  _ADCD1_ISR                            
0     000827d6  _ADCD2_ISR                            
0     000827e0  _ADCD3_ISR                            
0     000827ea  _ADCD4_ISR                            
0     000827cc  _ADCD_EVT_ISR                         
0     00082826  _AUX_PLL_SLIP_ISR                     
1     0000a803  _Abrir                                
1     0005f4c0  _AccessProtectionRegs                 
1     00007400  _AdcaRegs                             
1     00000b00  _AdcaResultRegs                       
1     00007480  _AdcbRegs                             
1     00000b20  _AdcbResultRegs                       
1     00007500  _AdccRegs                             
1     00000b40  _AdccResultRegs                       
1     00007580  _AdcdRegs                             
1     00000b60  _AdcdResultRegs                       
1     0005d180  _AnalogSubsysRegs                     
0     00083f7d  _Angle_Reset                          
1     0000a952  _Angulo_grados_eje_1                  
1     0000a954  _Angulo_grados_eje_2                  
1     0000a956  _Angulo_grados_eje_3                  
0     00082ca8  _AuxAuxClkSel                         
0     00082c92  _AuxIntOsc2Sel                        
0     00082c9c  _AuxXtalOscSel                        
0     0008321c  _Byte2Float                           
0     000831e9  _ByteToInt16                          
0     000825ec  _CANA0_ISR                            
0     000825f6  _CANA1_ISR                            
0     00082600  _CANB0_ISR                            
0     0008260a  _CANB1_ISR                            
0     00082664  _CLA1_1_ISR                           
0     0008266e  _CLA1_2_ISR                           
0     00082678  _CLA1_3_ISR                           
0     00082682  _CLA1_4_ISR                           
0     0008268c  _CLA1_5_ISR                           
0     00082696  _CLA1_6_ISR                           
0     000826a0  _CLA1_7_ISR                           
0     000826aa  _CLA1_8_ISR                           
0     00082830  _CLA_OVERFLOW_ISR                     
0     0008283a  _CLA_UNDERFLOW_ISR                    
1     0000a925  _CLEAR_OTP                            
1     00048000  _CanaRegs                             
1     0004a000  _CanbRegs                             
1     0000a804  _Cerrar                               
1     0000aa30  _CharToInt                            
1     00001400  _Cla1Regs                             
1     00003200  _Clb1DataExchRegs                     
1     00003000  _Clb1LogicCfgRegs                     
1     00003100  _Clb1LogicCtrlRegs                    
1     00003600  _Clb2DataExchRegs                     
1     00003400  _Clb2LogicCfgRegs                     
1     00003500  _Clb2LogicCtrlRegs                    
1     00003a00  _Clb3DataExchRegs                     
1     00003800  _Clb3LogicCfgRegs                     
1     00003900  _Clb3LogicCtrlRegs                    
1     00003e00  _Clb4DataExchRegs                     
1     00003c00  _Clb4LogicCfgRegs                     
1     00003d00  _Clb4LogicCtrlRegs                    
1     00007a40  _ClbXbarRegs                          
1     0005d200  _ClkCfgRegs                           
1     00005c80  _Cmpss1Regs                           
1     00005ca0  _Cmpss2Regs                           
1     00005cc0  _Cmpss3Regs                           
1     00005ce0  _Cmpss4Regs                           
1     00005d00  _Cmpss5Regs                           
1     00005d20  _Cmpss6Regs                           
1     00005d40  _Cmpss7Regs                           
1     00005d60  _Cmpss8Regs                           
0     0008437c  _ComprobarLimites                     
0     0008357a  _Comunicaciones                       
0     00084197  _ConfigureADC                         
0     00082cfc  _ConfigureTMXAnalogTrim               
0     00083a82  _Control                              
1     0005d300  _CpuSysRegs                           
1     00000c00  _CpuTimer0Regs                        
1     00000c08  _CpuTimer1Regs                        
1     00000c10  _CpuTimer2Regs                        
0     00082c3d  _CsmUnlock                            
0     000822f4  _DATALOG_ISR                          
0     00082538  _DMA_CH1_ISR                          
0     00082542  _DMA_CH2_ISR                          
0     0008254c  _DMA_CH3_ISR                          
0     00082556  _DMA_CH4_ISR                          
0     00082560  _DMA_CH5_ISR                          
0     0008256a  _DMA_CH6_ISR                          
1     00005c00  _DacaRegs                             
1     00005c10  _DacbRegs                             
1     00005c20  _DaccRegs                             
1     0005f070  _DcsmCommonRegs                       
1     0005f000  _DcsmZ1Regs                           
1     0005f040  _DcsmZ2Regs                           
1     0005d000  _DevCfgRegs                           
0     00082951  _DisableDog                           
0     00082912  _DisablePeripheralClocks              
1     00007980  _DmaClaSrcSelRegs                     
1     00001000  _DmaRegs                              
1     0000a826  _Duty1                                
1     0000a828  _Duty2                                
1     0000a82a  _Duty3                                
0     0008248e  _ECAP1_ISR                            
0     00082498  _ECAP2_ISR                            
0     000824a2  _ECAP3_ISR                            
0     000824ac  _ECAP4_ISR                            
0     000824b6  _ECAP5_ISR                            
0     000824c0  _ECAP6_ISR                            
1     00005000  _ECap1Regs                            
1     00005020  _ECap2Regs                            
1     00005040  _ECap3Regs                            
1     00005060  _ECap4Regs                            
1     00005080  _ECap5Regs                            
1     000050a0  _ECap6Regs                            
0     000827f4  _EMIF_ERROR_ISR                       
0     0008284e  _EMPTY_ISR                            
0     00082308  _EMU_ISR                              
0     0008274a  _EPWM10_ISR                           
0     00082722  _EPWM10_TZ_ISR                        
0     00082754  _EPWM11_ISR                           
0     0008272c  _EPWM11_TZ_ISR                        
0     0008275e  _EPWM12_ISR                           
0     00082736  _EPWM12_TZ_ISR                        
0     0008243e  _EPWM1_ISR                            
0     000823ee  _EPWM1_TZ_ISR                         
0     00082448  _EPWM2_ISR                            
0     000823f8  _EPWM2_TZ_ISR                         
0     00082452  _EPWM3_ISR                            
0     00082402  _EPWM3_TZ_ISR                         
0     0008245c  _EPWM4_ISR                            
0     0008240c  _EPWM4_TZ_ISR                         
0     00082466  _EPWM5_ISR                            
0     00082416  _EPWM5_TZ_ISR                         
0     00082470  _EPWM6_ISR                            
0     00082420  _EPWM6_TZ_ISR                         
0     0008247a  _EPWM7_ISR                            
0     0008242a  _EPWM7_TZ_ISR                         
0     00082484  _EPWM8_ISR                            
0     00082434  _EPWM8_TZ_ISR                         
0     00082740  _EPWM9_ISR                            
0     00082718  _EPWM9_TZ_ISR                         
1     00004900  _EPwm10Regs                           
1     00004a00  _EPwm11Regs                           
1     00004b00  _EPwm12Regs                           
1     00004000  _EPwm1Regs                            
1     00004100  _EPwm2Regs                            
1     00004200  _EPwm3Regs                            
1     00004300  _EPwm4Regs                            
1     00004400  _EPwm5Regs                            
1     00004500  _EPwm6Regs                            
1     00004600  _EPwm7Regs                            
1     00004700  _EPwm8Regs                            
1     00004800  _EPwm9Regs                            
1     00007a00  _EPwmXbarRegs                         
0     000824ca  _EQEP1_ISR                            
0     000824d4  _EQEP2_ISR                            
0     000824de  _EQEP3_ISR                            
1     00005100  _EQep1Regs                            
1     00005140  _EQep2Regs                            
1     00005180  _EQep3Regs                            
1     0005f480  _Emif1ConfigRegs                      
1     00047000  _Emif1Regs                            
1     0005f4a0  _Emif2ConfigRegs                      
1     00047800  _Emif2Regs                            
0     000844ff  _EnableInterrupts                     
0     00084248  _Entradas_Salidas_init                
0     00008037  _F28x_usDelay                         
0     00082808  _FLASH_CORRECTABLE_ERROR_ISR          
0     000826dc  _FPU_OVERFLOW_ISR                     
0     000826e6  _FPU_UNDERFLOW_ISR                    
1     0005f800  _Flash0CtrlRegs                       
1     0005fb00  _Flash0EccRegs                        
0     00008029  _FlashOff                             
1     00050024  _FlashPumpSemaphoreRegs               
0     000831f9  _Float2Byte                           
1     0000aa34  _FloatToByte                          
1     0000aa2c  _FloatToInt                           
0     0008377a  _GPIO_EnableUnbondedIOPullups         
0     00083755  _GPIO_EnableUnbondedIOPullupsFor100Pin
0     0008373c  _GPIO_EnableUnbondedIOPullupsFor176Pin
0     00083790  _GPIO_ReadPin                         
0     000836e1  _GPIO_SetupLock                       
0     000835c1  _GPIO_SetupPinMux                     
0     0008364d  _GPIO_SetupPinOptions                 
0     0008370a  _GPIO_SetupXINT1Gpio                  
0     00083714  _GPIO_SetupXINT2Gpio                  
0     0008371e  _GPIO_SetupXINT3Gpio                  
0     00083728  _GPIO_SetupXINT4Gpio                  
0     00083732  _GPIO_SetupXINT5Gpio                  
0     000837a7  _GPIO_WritePin                        
1     00007c00  _GpioCtrlRegs                         
1     00007f00  _GpioDataRegs                         
0     00082cc6  _HALT                                 
0     00082cdf  _HIB                                  
1     0000a91c  _HOME_SW_1                            
1     0000a91d  _HOME_SW_2                            
1     0000a91e  _HOME_SW_3                            
0     0008257e  _I2CA_FIFO_ISR                        
0     00082574  _I2CA_ISR                             
0     00082592  _I2CB_FIFO_ISR                        
0     00082588  _I2CB_ISR                             
1     00007300  _I2caRegs                             
1     00007340  _I2cbRegs                             
0     00082cb2  _IDLE                                 
0     0008231c  _ILLEGAL_ISR                          
0     000826f0  _IPC0_ISR                             
0     000826fa  _IPC1_ISR                             
0     00082704  _IPC2_ISR                             
0     0008270e  _IPC3_ISR                             
0     00082b4e  _InitAuxPll                           
0     00083542  _InitComunicacionesGPIO               
0     00083eac  _InitEPwm10Gpio                       
0     00083ebf  _InitEPwm11Gpio                       
0     00083ed3  _InitEPwm12Gpio                       
0     00083e02  _InitEPwm1Gpio                        
0     000840e1  _InitEPwm2                            
0     00083e14  _InitEPwm2Gpio                        
0     00084113  _InitEPwm3                            
0     00083e26  _InitEPwm3Gpio                        
0     00084145  _InitEPwm4                            
0     00083e3a  _InitEPwm4Gpio                        
0     00084177  _InitEPwm5                            
0     00083e4e  _InitEPwm5Gpio                        
0     00083e60  _InitEPwm6Gpio                        
0     00083e72  _InitEPwm7Gpio                        
0     00083e86  _InitEPwm8Gpio                        
0     00083e9a  _InitEPwm9Gpio                        
0     00083de9  _InitEPwmGpio                         
0     000843fa  _InitEQep                             
0     00084402  _InitEQep1Gpio                        
0     0008441a  _InitEQep2Gpio                        
0     0008443c  _InitEQep3Gpio                        
0     000843fb  _InitEQepGpio                         
0     00008000  _InitFlash                            
0     00083581  _InitGpio                             
0     0008288e  _InitPeripheralClocks                 
0     000844e0  _InitPieCtrl                          
0     00084508  _InitPieVectTable                     
0     00082865  _InitSysCtrl                          
0     0008295f  _InitSysPll                           
0     00083557  _Init_Comunicaciones                  
1     00007900  _InputXbarRegs                        
0     000831c7  _Int32ToByte                          
1     0000aa2e  _IntToChar                            
1     0000aa24  _IntToUint                            
1     00050000  _IpcRegs                              
0     00082510  _MCBSPA_RX_ISR                        
0     0008251a  _MCBSPA_TX_ISR                        
0     00082524  _MCBSPB_RX_ISR                        
0     0008252e  _MCBSPB_TX_ISR                        
0     00083236  _MEF_Recepcion                        
0     000833ba  _MEF_Transmision                      
1     00006000  _McbspaRegs                           
1     00006040  _McbspbRegs                           
1     0005f400  _MemCfgRegs                           
1     0005f500  _MemoryErrorRegs                      
1     0000a930  _Modo                                 
0     00083ee6  _Muestreo                             
0     00082312  _NMI_ISR                              
0     0008285b  _NOTUSED_ISR                          
1     0000a844  _Naxis1                               
1     0000a846  _Naxis2                               
1     0000a848  _Naxis3                               
1     00007060  _NmiIntruptRegs                       
1     0000a920  _OCP_IN_ISR                           
1     0000a921  _OTP_IN_ISR                           
1     0000a95e  _Offset_grados_eje_1                  
1     0000a960  _Offset_grados_eje_2                  
1     0000a962  _Offset_grados_eje_3                  
1     00007a80  _OutputXbarRegs                       
0     00082844  _PIE_RESERVED_ISR                     
0     00082d7f  _POSSPEED_1_Calc                      
0     00082d19  _POSSPEED_1_Init                      
0     00082eee  _POSSPEED_2_Calc                      
0     00082d3b  _POSSPEED_2_Init                      
0     00083058  _POSSPEED_3_Calc                      
0     00082d5d  _POSSPEED_3_Init                      
1     0000a824  _Period                               
1     00000ce0  _PieCtrlRegs                          
1     00000d00  _PieVectTable                         
0     00090000  _PieVectTableInit                     
0     00082812  _RAM_ACCESS_VIOLATION_ISR             
0     000827fe  _RAM_CORRECTABLE_ERROR_ISR            
0     000822fe  _RTOS_ISR                             
0     0008603b  _RamfuncsLoadEnd                      
abs   0000003b  _RamfuncsLoadSize                     
0     00086000  _RamfuncsLoadStart                    
0     0000803b  _RamfuncsRunEnd                       
abs   0000003b  _RamfuncsRunSize                      
0     00008000  _RamfuncsRunStart                     
0     00082939  _ReleaseFlashPump                     
0     000843e5  _Reset_PWM                            
1     0005e608  _RomPrefetchRegs                      
1     0005f540  _RomWaitStateRegs                     
0     000825c4  _SCIA_RX_ISR                          
0     000825ce  _SCIA_TX_ISR                          
0     000825d8  _SCIB_RX_ISR                          
0     000825e2  _SCIB_TX_ISR                          
0     0008259c  _SCIC_RX_ISR                          
0     000825a6  _SCIC_TX_ISR                          
0     000825b0  _SCID_RX_ISR                          
0     000825ba  _SCID_TX_ISR                          
0     00082768  _SD1_ISR                              
0     00082772  _SD2_ISR                              
1     0000a91f  _SE_IN_ISR                            
0     000824e8  _SPIA_RX_ISR                          
0     000824f2  _SPIA_TX_ISR                          
0     000824fc  _SPIB_RX_ISR                          
0     00082506  _SPIB_TX_ISR                          
0     0008277c  _SPIC_RX_ISR                          
0     00082786  _SPIC_TX_ISR                          
1     0000a949  _SP_REF_1                             
1     0000a94a  _SP_REF_2                             
1     0000a94b  _SP_REF_3                             
0     00082cbb  _STANDBY                              
0     0008281c  _SYS_PLL_SLIP_ISR                     
1     00007200  _SciaRegs                             
1     00007210  _ScibRegs                             
1     00007220  _ScicRegs                             
1     00007230  _ScidRegs                             
1     00005e00  _Sdfm1Regs                            
1     00005e80  _Sdfm2Regs                            
0     0008292a  _SeizeFlashPump                       
0     00082943  _ServiceDog                           
0     00083cd6  _Set_Parametros_PID                   
0     00084552  _Set_Salidas                          
0     000841d5  _SetupADCEpwm                         
1     00006100  _SpiaRegs                             
1     00006110  _SpibRegs                             
1     00006120  _SpicRegs                             
1     00007940  _SyncSocRegs                          
0     00082c5e  _SysIntOsc1Sel                        
0     00082c6e  _SysIntOsc2Sel                        
0     00082c82  _SysXtalOscSel                        
1     0000a922  _TEMP_1                               
1     0000a923  _TEMP_2                               
1     0000a924  _TEMP_3                               
0     000823da  _TIMER0_ISR                           
0     000822e0  _TIMER1_ISR                           
0     000822ea  _TIMER2_ISR                           
0     00082790  _UPPA_ISR                             
0     0008279a  _USBA_ISR                             
0     00082380  _USER10_ISR                           
0     0008238a  _USER11_ISR                           
0     00082394  _USER12_ISR                           
0     00082326  _USER1_ISR                            
0     00082330  _USER2_ISR                            
0     0008233a  _USER3_ISR                            
0     00082344  _USER4_ISR                            
0     0008234e  _USER5_ISR                            
0     00082358  _USER6_ISR                            
0     00082362  _USER7_ISR                            
0     0008236c  _USER8_ISR                            
0     00082376  _USER9_ISR                            
1     00006200  _UppRegs                              
0     000826d2  _VCU_ISR                              
0     000823e4  _WAKE_ISR                             
1     00007000  _WdRegs                               
0     000823bc  _XINT1_ISR                            
0     000823c6  _XINT2_ISR                            
0     000826b4  _XINT3_ISR                            
0     000826be  _XINT4_ISR                            
0     000826c8  _XINT5_ISR                            
1     00007920  _XbarRegs                             
1     00007070  _XintRegs                             
1     00000500  __STACK_END                           
abs   00000100  __STACK_SIZE                          
1     0000aa3a  ___TI_cleanup_ptr                     
1     0000aa3c  ___TI_dtors_ptr                       
1     0000aa38  ___TI_enable_exit_profile_output      
abs   ffffffff  ___TI_pprof_out_hndl                  
abs   ffffffff  ___TI_prof_data_size                  
abs   ffffffff  ___TI_prof_data_start                 
abs   ffffffff  ___binit__                            
abs   ffffffff  ___c_args__                           
0     00082000  ___cinit__                            
abs   ffffffff  ___etext__                            
abs   ffffffff  ___pinit__                            
abs   ffffffff  ___text__                             
0     000845c4  __args_main                           
1     0000aa3e  __lock                                
0     000845de  __nop                                 
0     000845da  __register_lock                       
0     000845d6  __register_unlock                     
1     00000400  __stack                               
0     00083fff  __system_post_cinit                   
0     00083ffd  __system_pre_init                     
1     0000aa5a  __unlock                              
0     00083fd4  _abort                                
0     00084000  _adca1_isr                            
1     0000a82c  _angulo_1                             
1     0000a82e  _angulo_2                             
1     0000a830  _angulo_3                             
1     0000a958  _aux_POS_1                            
1     0000a95a  _aux_POS_2                            
1     0000a95c  _aux_POS_3                            
1     0000a838  _aux_rk1                              
1     0000a83a  _aux_rk2                              
1     0000a83c  _aux_rk3                              
1     0000a832  _aux_yk1                              
1     0000a834  _aux_yk2                              
1     0000a836  _aux_yk3                              
0     0008445a  _c_int00                              
0     0008452e  _copy_in                              
1     0000a940  _corriente_medida_1                   
1     0000a941  _corriente_medida_2                   
1     0000a942  _corriente_medida_3                   
1     0000a94c  _corriente_real_1                     
1     0000a94e  _corriente_real_2                     
1     0000a950  _corriente_real_3                     
1     0000a83e  _corriente_real_con_signo_1           
1     0000a840  _corriente_real_con_signo_2           
1     0000a842  _corriente_real_con_signo_3           
1     0000a932  _count                                
1     0000a92e  _doLoop                               
1     0000a92c  _doSample                             
1     0000a812  _e1                                   
1     0000a814  _e2                                   
1     0000a816  _e3                                   
0     00083fd6  _exit                                 
1     0000a93a  _flagsProtecciones                    
0     0008393a  _homming                              
0     000837d1  _homming3_junta                       
0     0008388a  _homming_junta                        
1     0000a929  _init                                 
1     0000a92a  _init2                                
1     0000a92b  _init3                                
0     000844b0  _initEpwm                             
1     0000aa26  _instruccion                          
1     0000a943  _limite_temperatura_1                 
1     0000a944  _limite_temperatura_2                 
1     0000a945  _limite_temperatura_3                 
1     0000a934  _limitesProteccion                    
0     00083b64  _main                                 
0     0008458f  _memcpy                               
1     0000a927  _ocp_ack                              
1     0000a928  _otp_ack                              
1     0000a800  _phaseOffset1                         
1     0000a801  _phaseOffset2                         
1     0000a802  _phaseOffset3                         
1     0000a84a  _pid1                                 
1     0000a880  _pid2                                 
1     0000a89c  _pid3                                 
1     0000a8c0  _pid4                                 
1     0000a8dc  _pid5                                 
1     0000a900  _pid6                                 
1     0000a980  _qep_posspeed_1                       
1     0000a9c0  _qep_posspeed_2                       
1     0000aa00  _qep_posspeed_3                       
1     0000a946  _ref_entrada_1                        
1     0000a947  _ref_entrada_2                        
1     0000a948  _ref_entrada_3                        
1     0000aa32  _ret                                  
1     0000a806  _rk1                                  
1     0000a808  _rk2                                  
1     0000a80a  _rk3                                  
1     0000a805  _rutina                               
0     0008356e  _scib_xmit                            
1     0000a926  _se_ack                               
0     000837c5  _signo                                
1     0000aa25  _transmision                          
1     0000aa4d  _transmision1                         
1     0000aa51  _transmision2                         
1     0000aa55  _transmision3                         
1     0000a818  _uk1                                  
1     0000a81a  _uk2                                  
1     0000a81c  _uk3                                  
1     0000a81e  _uz1                                  
1     0000a820  _uz2                                  
1     0000a822  _uz3                                  
0     0008405f  _xint_OCP_isr                         
0     000840a0  _xint_OTP_isr                         
0     0008401a  _xint_SE_isr                          
1     0000a80c  _yk1                                  
1     0000a80e  _yk2                                  
1     0000a810  _yk3                                  
abs   ffffffff  binit                                 
0     00082000  cinit                                 
0     00080000  code_start                            
abs   ffffffff  etext                                 
abs   ffffffff  pinit                                 


GLOBAL SYMBOLS: SORTED BY Symbol Address 

page  address   name                                  
----  -------   ----                                  
0     00008000  _InitFlash                            
0     00008000  _RamfuncsRunStart                     
0     00008029  _FlashOff                             
0     00008037  _F28x_usDelay                         
0     0000803b  _RamfuncsRunEnd                       
0     00080000  code_start                            
0     00082000  ___cinit__                            
0     00082000  cinit                                 
0     000822e0  _TIMER1_ISR                           
0     000822ea  _TIMER2_ISR                           
0     000822f4  _DATALOG_ISR                          
0     000822fe  _RTOS_ISR                             
0     00082308  _EMU_ISR                              
0     00082312  _NMI_ISR                              
0     0008231c  _ILLEGAL_ISR                          
0     00082326  _USER1_ISR                            
0     00082330  _USER2_ISR                            
0     0008233a  _USER3_ISR                            
0     00082344  _USER4_ISR                            
0     0008234e  _USER5_ISR                            
0     00082358  _USER6_ISR                            
0     00082362  _USER7_ISR                            
0     0008236c  _USER8_ISR                            
0     00082376  _USER9_ISR                            
[...]
0     0008283a  _CLA_UNDERFLOW_ISR                    
0     00082844  _PIE_RESERVED_ISR                     
0     0008284e  _EMPTY_ISR                            
0     0008285b  _NOTUSED_ISR                          
0     00082865  _InitSysCtrl                          
0     0008288e  _InitPeripheralClocks                 
0     00082912  _DisablePeripheralClocks              
0     0008292a  _SeizeFlashPump                       
0     00082939  _ReleaseFlashPump                     
0     00082943  _ServiceDog                           
0     00082951  _DisableDog                           
0     0008295f  _InitSysPll                           
0     00082b4e  _InitAuxPll                           
0     00082c3d  _CsmUnlock                            
0     00082c5e  _SysIntOsc1Sel                        
0     00082c6e  _SysIntOsc2Sel                        
0     00082c82  _SysXtalOscSel                        
0     00082c92  _AuxIntOsc2Sel                        
0     00082c9c  _AuxXtalOscSel                        
0     00082ca8  _AuxAuxClkSel                         
0     00082cb2  _IDLE                                 
0     00082cbb  _STANDBY                              
0     00082cc6  _HALT                                 
0     00082cdf  _HIB                                  
0     00082cfc  _ConfigureTMXAnalogTrim               
0     00082d19  _POSSPEED_1_Init                      
0     00082d3b  _POSSPEED_2_Init                      
0     00082d5d  _POSSPEED_3_Init                      
0     00082d7f  _POSSPEED_1_Calc                      
0     00082eee  _POSSPEED_2_Calc                      
0     00083058  _POSSPEED_3_Calc                      
0     000831c7  _Int32ToByte                          
0     000831e9  _ByteToInt16                          
0     000831f9  _Float2Byte                           
0     0008321c  _Byte2Float                           
0     00083236  _MEF_Recepcion                        
0     000833ba  _MEF_Transmision                      
0     00083542  _InitComunicacionesGPIO               
0     00083557  _Init_Comunicaciones                  
0     0008356e  _scib_xmit                            
0     0008357a  _Comunicaciones                       
0     00083581  _InitGpio                             
0     000835c1  _GPIO_SetupPinMux                     
0     0008364d  _GPIO_SetupPinOptions                 
0     000836e1  _GPIO_SetupLock                       
0     0008370a  _GPIO_SetupXINT1Gpio                  
0     00083714  _GPIO_SetupXINT2Gpio                  
0     0008371e  _GPIO_SetupXINT3Gpio                  
0     00083728  _GPIO_SetupXINT4Gpio                  
0     00083732  _GPIO_SetupXINT5Gpio                  
0     0008373c  _GPIO_EnableUnbondedIOPullupsFor176Pin
0     00083755  _GPIO_EnableUnbondedIOPullupsFor100Pin
0     0008377a  _GPIO_EnableUnbondedIOPullups         
0     00083790  _GPIO_ReadPin                         
0     000837a7  _GPIO_WritePin                        
0     000837c5  _signo                                
0     000837d1  _homming3_junta                       
0     0008388a  _homming_junta                        
0     0008393a  _homming                              
0     00083a82  _Control                              
0     00083b64  _main                                 
0     00083cd6  _Set_Parametros_PID                   
0     00083de9  _InitEPwmGpio                         
0     00083e02  _InitEPwm1Gpio                        
0     00083e14  _InitEPwm2Gpio                        
0     00083e26  _InitEPwm3Gpio                        
0     00083e3a  _InitEPwm4Gpio                        
0     00083e4e  _InitEPwm5Gpio                        
0     00083e60  _InitEPwm6Gpio                        
0     00083e72  _InitEPwm7Gpio                        
0     00083e86  _InitEPwm8Gpio                        
0     00083e9a  _InitEPwm9Gpio                        
0     00083eac  _InitEPwm10Gpio                       
0     00083ebf  _InitEPwm11Gpio                       
0     00083ed3  _InitEPwm12Gpio                       
0     00083ee6  _Muestreo                             
0     00083f7d  _Angle_Reset                          
0     00083fd4  C$$EXIT                               
0     00083fd4  _abort                                
0     00083fd6  _exit                                 
0     00083ffd  __system_pre_init                     
0     00083fff  __system_post_cinit                   
0     00084000  _adca1_isr                            
0     0008401a  _xint_SE_isr                          
0     0008405f  _xint_OCP_isr                         
0     000840a0  _xint_OTP_isr                         
0     000840e1  _InitEPwm2                            
0     00084113  _InitEPwm3                            
0     00084145  _InitEPwm4                            
0     00084177  _InitEPwm5                            
0     00084197  _ConfigureADC                         
0     000841d5  _SetupADCEpwm                         
0     00084248  _Entradas_Salidas_init                
0     000842f4  FS$$DIV                               
0     0008437c  _ComprobarLimites                     
0     000843e5  _Reset_PWM                            
0     000843fa  _InitEQep                             
0     000843fb  _InitEQepGpio                         
0     00084402  _InitEQep1Gpio                        
0     0008441a  _InitEQep2Gpio                        
0     0008443c  _InitEQep3Gpio                        
0     0008445a  _c_int00                              
0     000844b0  _initEpwm                             
0     000844e0  _InitPieCtrl                          
0     000844ff  _EnableInterrupts                     
0     00084508  _InitPieVectTable                     
0     0008452e  _copy_in                              
0     00084552  _Set_Salidas                          
0     00084571  LL$$CMP                               
0     00084583  ULL$$CMP                              
0     0008458f  _memcpy                               
0     000845ac  LL$$AND                               
0     000845b4  LL$$OR                                
0     000845bc  LL$$XOR                               
0     000845c4  __args_main                           
0     000845d6  __register_unlock                     
0     000845da  __register_lock                       
0     000845de  __nop                                 
0     00086000  _RamfuncsLoadStart                    
0     0008603b  _RamfuncsLoadEnd                      
0     00090000  _PieVectTableInit                     
1     00000400  __stack                               
1     00000500  __STACK_END                           
1     00000b00  _AdcaResultRegs                       
1     00000b20  _AdcbResultRegs                       
1     00000b40  _AdccResultRegs                       
1     00000b60  _AdcdResultRegs                       
1     00000c00  _CpuTimer0Regs                        
1     00000c08  _CpuTimer1Regs                        
1     00000c10  _CpuTimer2Regs                        
1     00000ce0  _PieCtrlRegs                          
1     00000d00  _PieVectTable                         
1     00001000  _DmaRegs                              
1     00001400  _Cla1Regs                             
1     00003000  _Clb1LogicCfgRegs                     
1     00003100  _Clb1LogicCtrlRegs                    
1     00003200  _Clb1DataExchRegs                     
1     00003400  _Clb2LogicCfgRegs                     
1     00003500  _Clb2LogicCtrlRegs                    
1     00003600  _Clb2DataExchRegs                     
1     00003800  _Clb3LogicCfgRegs                     
1     00003900  _Clb3LogicCtrlRegs                    
1     00003a00  _Clb3DataExchRegs                     
1     00003c00  _Clb4LogicCfgRegs                     
1     00003d00  _Clb4LogicCtrlRegs                    
1     00003e00  _Clb4DataExchRegs                     
1     00004000  _EPwm1Regs                            
1     00004100  _EPwm2Regs                            
1     00004200  _EPwm3Regs                            
1     00004300  _EPwm4Regs                            
1     00004400  _EPwm5Regs                            
1     00004500  _EPwm6Regs                            
1     00004600  _EPwm7Regs                            
1     00004700  _EPwm8Regs                            
1     00004800  _EPwm9Regs                            
1     00004900  _EPwm10Regs                           
1     00004a00  _EPwm11Regs                           
1     00004b00  _EPwm12Regs                           
1     00005000  _ECap1Regs                            
1     00005020  _ECap2Regs                            
1     00005040  _ECap3Regs                            
1     00005060  _ECap4Regs                            
1     00005080  _ECap5Regs                            
1     000050a0  _ECap6Regs                            
1     00005100  _EQep1Regs                            
1     00005140  _EQep2Regs                            
1     00005180  _EQep3Regs                            
1     00005c00  _DacaRegs                             
1     00005c10  _DacbRegs                             
1     00005c20  _DaccRegs                             
1     00005c80  _Cmpss1Regs                           
1     00005ca0  _Cmpss2Regs                           
1     00005cc0  _Cmpss3Regs                           
1     00005ce0  _Cmpss4Regs                           
1     00005d00  _Cmpss5Regs                           
1     00005d20  _Cmpss6Regs                           
1     00005d40  _Cmpss7Regs                           
1     00005d60  _Cmpss8Regs                           
1     00005e00  _Sdfm1Regs                            
1     00005e80  _Sdfm2Regs                            
1     00006000  _McbspaRegs                           
1     00006040  _McbspbRegs                           
1     00006100  _SpiaRegs                             
1     00006110  _SpibRegs                             
1     00006120  _SpicRegs                             
1     00006200  _UppRegs                              
1     00007000  _WdRegs                               
1     00007060  _NmiIntruptRegs                       
1     00007070  _XintRegs                             
1     00007200  _SciaRegs                             
1     00007210  _ScibRegs                             
1     00007220  _ScicRegs                             
1     00007230  _ScidRegs                             
1     00007300  _I2caRegs                             
1     00007340  _I2cbRegs                             
1     00007400  _AdcaRegs                             
1     00007480  _AdcbRegs                             
1     00007500  _AdccRegs                             
1     00007580  _AdcdRegs                             
1     00007900  _InputXbarRegs                        
1     00007920  _XbarRegs                             
1     00007940  _SyncSocRegs                          
1     00007980  _DmaClaSrcSelRegs                     
1     00007a00  _EPwmXbarRegs                         
1     00007a40  _ClbXbarRegs                          
1     00007a80  _OutputXbarRegs                       
1     00007c00  _GpioCtrlRegs                         
1     00007f00  _GpioDataRegs                         
1     0000a800  _phaseOffset1                         
1     0000a801  _phaseOffset2                         
1     0000a802  _phaseOffset3                         
1     0000a803  _Abrir                                
1     0000a804  _Cerrar                               
1     0000a805  _rutina                               
1     0000a806  _rk1                                  
1     0000a808  _rk2                                  
1     0000a80a  _rk3                                  
1     0000a80c  _yk1                                  
1     0000a80e  _yk2                                  
1     0000a810  _yk3                                  
1     0000a812  _e1                                   
1     0000a814  _e2                                   
1     0000a816  _e3                                   
1     0000a818  _uk1                                  
1     0000a81a  _uk2                                  
1     0000a81c  _uk3                                  
1     0000a81e  _uz1                                  
1     0000a820  _uz2                                  
1     0000a822  _uz3                                  
1     0000a824  _Period                               
1     0000a826  _Duty1                                
1     0000a828  _Duty2                                
1     0000a82a  _Duty3                                
1     0000a82c  _angulo_1                             
1     0000a82e  _angulo_2                             
1     0000a830  _angulo_3                             
1     0000a832  _aux_yk1                              
1     0000a834  _aux_yk2                              
1     0000a836  _aux_yk3                              
1     0000a838  _aux_rk1                              
1     0000a83a  _aux_rk2                              
1     0000a83c  _aux_rk3                              
1     0000a83e  _corriente_real_con_signo_1           
1     0000a840  _corriente_real_con_signo_2           
1     0000a842  _corriente_real_con_signo_3           
1     0000a844  _Naxis1                               
1     0000a846  _Naxis2                               
1     0000a848  _Naxis3                               
1     0000a84a  _pid1                                 
1     0000a880  _pid2                                 
1     0000a89c  _pid3                                 
1     0000a8c0  _pid4                                 
1     0000a8dc  _pid5                                 
1     0000a900  _pid6                                 
1     0000a91c  _HOME_SW_1                            
1     0000a91d  _HOME_SW_2                            
1     0000a91e  _HOME_SW_3                            
1     0000a91f  _SE_IN_ISR                            
1     0000a920  _OCP_IN_ISR                           
1     0000a921  _OTP_IN_ISR                           
1     0000a922  _TEMP_1                               
1     0000a923  _TEMP_2                               
1     0000a924  _TEMP_3                               
1     0000a925  _CLEAR_OTP                            
1     0000a926  _se_ack                               
1     0000a927  _ocp_ack                              
1     0000a928  _otp_ack                              
1     0000a929  _init                                 
1     0000a92a  _init2                                
1     0000a92b  _init3                                
1     0000a92c  _doSample                             
1     0000a92e  _doLoop                               
1     0000a930  _Modo                                 
1     0000a932  _count                                
1     0000a934  _limitesProteccion                    
1     0000a93a  _flagsProtecciones                    
1     0000a940  _corriente_medida_1                   
1     0000a941  _corriente_medida_2                   
1     0000a942  _corriente_medida_3                   
1     0000a943  _limite_temperatura_1                 
1     0000a944  _limite_temperatura_2                 
1     0000a945  _limite_temperatura_3                 
1     0000a946  _ref_entrada_1                        
1     0000a947  _ref_entrada_2                        
1     0000a948  _ref_entrada_3                        
1     0000a949  _SP_REF_1                             
1     0000a94a  _SP_REF_2                             
1     0000a94b  _SP_REF_3                             
1     0000a94c  _corriente_real_1                     
1     0000a94e  _corriente_real_2                     
1     0000a950  _corriente_real_3                     
1     0000a952  _Angulo_grados_eje_1                  
1     0000a954  _Angulo_grados_eje_2                  
1     0000a956  _Angulo_grados_eje_3                  
1     0000a958  _aux_POS_1                            
1     0000a95a  _aux_POS_2                            
1     0000a95c  _aux_POS_3                            
1     0000a95e  _Offset_grados_eje_1                  
1     0000a960  _Offset_grados_eje_2                  
1     0000a962  _Offset_grados_eje_3                  
1     0000a980  _qep_posspeed_1                       
1     0000a9c0  _qep_posspeed_2                       
1     0000aa00  _qep_posspeed_3                       
1     0000aa24  _IntToUint                            
1     0000aa25  _transmision                          
1     0000aa26  _instruccion                          
1     0000aa2c  _FloatToInt                           
1     0000aa2e  _IntToChar                            
1     0000aa30  _CharToInt                            
1     0000aa32  _ret                                  
1     0000aa34  _FloatToByte                          
1     0000aa38  ___TI_enable_exit_profile_output      
1     0000aa3a  ___TI_cleanup_ptr                     
1     0000aa3c  ___TI_dtors_ptr                       
1     0000aa3e  __lock                                
1     0000aa4d  _transmision1                         
1     0000aa51  _transmision2                         
1     0000aa55  _transmision3                         
1     0000aa5a  __unlock                              
1     00047000  _Emif1Regs                            
1     00047800  _Emif2Regs                            
1     00048000  _CanaRegs                             
1     0004a000  _CanbRegs                             
1     00050000  _IpcRegs                              
1     00050024  _FlashPumpSemaphoreRegs               
1     0005d000  _DevCfgRegs                           
1     0005d180  _AnalogSubsysRegs                     
1     0005d200  _ClkCfgRegs                           
1     0005d300  _CpuSysRegs                           
1     0005e608  _RomPrefetchRegs                      
1     0005f000  _DcsmZ1Regs                           
1     0005f040  _DcsmZ2Regs                           
1     0005f070  _DcsmCommonRegs                       
1     0005f400  _MemCfgRegs                           
1     0005f480  _Emif1ConfigRegs                      
1     0005f4a0  _Emif2ConfigRegs                      
1     0005f4c0  _AccessProtectionRegs                 
1     0005f500  _MemoryErrorRegs                      
1     0005f540  _RomWaitStateRegs                     
1     0005f800  _Flash0CtrlRegs                       
1     0005fb00  _Flash0EccRegs                        
abs   0000003b  _RamfuncsLoadSize                     
abs   0000003b  _RamfuncsRunSize                      
abs   00000100  __STACK_SIZE                          
abs   ffffffff  .text                                 
abs   ffffffff  ___TI_pprof_out_hndl                  
abs   ffffffff  ___TI_prof_data_size                  
abs   ffffffff  ___TI_prof_data_start                 
abs   ffffffff  ___binit__                            
abs   ffffffff  ___c_args__                           
abs   ffffffff  ___etext__                            
abs   ffffffff  ___pinit__                            
abs   ffffffff  ___text__                             
abs   ffffffff  binit                                 
abs   ffffffff  etext                                 
abs   ffffffff  pinit                                 

[501 symbols]
